[     208ms] [INFO] %cDownload the React DevTools for a better development experience: https://react.dev/link/react-devtools font-weight:bold @ http://localhost:5173/node_modules/.vite/deps/react-dom_client.js?v=2373fa66:20102
[     540ms] [WARNING] WebSocket connection to 'ws://localhost:3090/ws' failed: WebSocket is closed before the connection is established. @ http://localhost:5173/src/hooks/useWebSocket.js:97
[     561ms] [ERROR] WebSocket error: Event @ http://localhost:5173/src/hooks/useWebSocket.js:41
[     561ms] [LOG] WebSocket disconnected @ http://localhost:5173/src/hooks/useWebSocket.js:34
[     691ms] [LOG] WebSocket connected @ http://localhost:5173/src/hooks/useWebSocket.js:18
[     826ms] [LOG] Unknown message type: subscribed @ http://localhost:5173/src/hooks/useWebSocket.js:80
[    3574ms] [LOG] WebSocket connected @ http://localhost:5173/src/hooks/useWebSocket.js:18
[    3576ms] [LOG] Unknown message type: subscribed @ http://localhost:5173/src/hooks/useWebSocket.js:80
[  914185ms] [LOG] WebSocket disconnected @ http://localhost:5173/src/hooks/useWebSocket.js:34
[  914351ms] [LOG] WebSocket disconnected @ http://localhost:5173/src/hooks/useWebSocket.js:34
[  917487ms] [LOG] WebSocket connected @ http://localhost:5173/src/hooks/useWebSocket.js:18
[  917492ms] InvalidStateError: Failed to execute 'send' on 'WebSocket': Still in CONNECTING state.
    at ws.current.onopen (http://localhost:5173/src/hooks/useWebSocket.js:22:18)
[  917627ms] [LOG] WebSocket connected @ http://localhost:5173/src/hooks/useWebSocket.js:18
[  917636ms] [LOG] Unknown message type: subscribed @ http://localhost:5173/src/hooks/useWebSocket.js:80
[ 1012935ms] [LOG] WebSocket disconnected @ http://localhost:5173/src/hooks/useWebSocket.js:34
[ 1013103ms] [LOG] WebSocket disconnected @ http://localhost:5173/src/hooks/useWebSocket.js:34
[ 1016165ms] [LOG] WebSocket connected @ http://localhost:5173/src/hooks/useWebSocket.js:18
[ 1016168ms] InvalidStateError: Failed to execute 'send' on 'WebSocket': Still in CONNECTING state.
    at ws.current.onopen (http://localhost:5173/src/hooks/useWebSocket.js:22:18)
[ 1016319ms] [LOG] WebSocket connected @ http://localhost:5173/src/hooks/useWebSocket.js:18
[ 1016325ms] [LOG] Unknown message type: subscribed @ http://localhost:5173/src/hooks/useWebSocket.js:80
[ 1039139ms] [LOG] WebSocket disconnected @ http://localhost:5173/src/hooks/useWebSocket.js:34
[ 1039315ms] [LOG] WebSocket disconnected @ http://localhost:5173/src/hooks/useWebSocket.js:34
[ 1044264ms] [LOG] WebSocket connected @ http://localhost:5173/src/hooks/useWebSocket.js:18
[ 1044266ms] InvalidStateError: Failed to execute 'send' on 'WebSocket': Still in CONNECTING state.
    at ws.current.onopen (http://localhost:5173/src/hooks/useWebSocket.js:22:18)
[ 1044444ms] [LOG] WebSocket connected @ http://localhost:5173/src/hooks/useWebSocket.js:18
[ 1044459ms] [LOG] Unknown message type: subscribed @ http://localhost:5173/src/hooks/useWebSocket.js:80
[ 1073853ms] [LOG] WebSocket disconnected @ http://localhost:5173/src/hooks/useWebSocket.js:34
[ 1074026ms] [LOG] WebSocket disconnected @ http://localhost:5173/src/hooks/useWebSocket.js:34
[ 1078432ms] [LOG] WebSocket connected @ http://localhost:5173/src/hooks/useWebSocket.js:18
[ 1078434ms] InvalidStateError: Failed to execute 'send' on 'WebSocket': Still in CONNECTING state.
    at ws.current.onopen (http://localhost:5173/src/hooks/useWebSocket.js:22:18)
[ 1078609ms] [LOG] WebSocket connected @ http://localhost:5173/src/hooks/useWebSocket.js:18
[ 1078618ms] [LOG] Unknown message type: subscribed @ http://localhost:5173/src/hooks/useWebSocket.js:80
[ 1104303ms] [LOG] [vite] server connection lost. Polling for restart... @ http://localhost:5173/@vite/client:963
[ 1104312ms] [ERROR] WebSocket connection to 'ws://localhost:5173/' failed: Error in connection establishment: net::ERR_CONNECTION_REFUSED @ http://localhost:5173/@vite/client:1034
[ 1108093ms] [INFO] %cDownload the React DevTools for a better development experience: https://react.dev/link/react-devtools font-weight:bold @ http://localhost:5173/node_modules/.vite/deps/react-dom_client.js?v=2373fa66:20102
[ 1108523ms] [WARNING] WebSocket connection to 'ws://localhost:3090/ws' failed: WebSocket is closed before the connection is established. @ http://localhost:5173/src/hooks/useWebSocket.js:97
[ 1108534ms] [ERROR] WebSocket error: Event @ http://localhost:5173/src/hooks/useWebSocket.js:41
[ 1108534ms] [LOG] WebSocket disconnected @ http://localhost:5173/src/hooks/useWebSocket.js:34
[ 1108588ms] [LOG] WebSocket connected @ http://localhost:5173/src/hooks/useWebSocket.js:18
[ 1108756ms] [LOG] Unknown message type: subscribed @ http://localhost:5173/src/hooks/useWebSocket.js:80
[ 1111545ms] [LOG] WebSocket connected @ http://localhost:5173/src/hooks/useWebSocket.js:18
[ 1111547ms] [LOG] Unknown message type: subscribed @ http://localhost:5173/src/hooks/useWebSocket.js:80
[ 1160975ms] [LOG] WebSocket disconnected @ http://localhost:5173/src/hooks/useWebSocket.js:34
[ 1161127ms] [LOG] WebSocket disconnected @ http://localhost:5173/src/hooks/useWebSocket.js:34
[ 1163978ms] [ERROR] WebSocket connection to 'ws://localhost:3090/ws' failed: Error in connection establishment: net::ERR_CONNECTION_REFUSED @ http://localhost:5173/src/hooks/useWebSocket.js:15
[ 1163978ms] [ERROR] WebSocket error: Event @ http://localhost:5173/src/hooks/useWebSocket.js:41
[ 1163978ms] [LOG] WebSocket disconnected @ http://localhost:5173/src/hooks/useWebSocket.js:34
[ 1164130ms] [ERROR] WebSocket connection to 'ws://localhost:3090/ws' failed: Error in connection establishment: net::ERR_CONNECTION_REFUSED @ http://localhost:5173/src/hooks/useWebSocket.js:15
[ 1164130ms] [ERROR] WebSocket error: Event @ http://localhost:5173/src/hooks/useWebSocket.js:41
[ 1164131ms] [LOG] WebSocket disconnected @ http://localhost:5173/src/hooks/useWebSocket.js:34
[ 1166991ms] [LOG] WebSocket connected @ http://localhost:5173/src/hooks/useWebSocket.js:18
[ 1167145ms] [LOG] Unknown message type: subscribed @ http://localhost:5173/src/hooks/useWebSocket.js:80
[ 1167157ms] [LOG] WebSocket connected @ http://localhost:5173/src/hooks/useWebSocket.js:18
[ 1167160ms] [LOG] Unknown message type: subscribed @ http://localhost:5173/src/hooks/useWebSocket.js:80
[ 1530963ms] [ERROR] [vite] SyntaxError: The requested module '/node_modules/.vite/deps/lucide-react.js?v=2373fa66' does not provide an export named 'Sitemap' @ http://localhost:5173/@vite/client:881
[ 1530965ms] [ERROR] [vite] Failed to reload /src/App.jsx. This could be due to syntax errors or importing non-existent modules. (see errors above) @ http://localhost:5173/@vite/client:881
[ 1879272ms] [LOG] WebSocket disconnected @ http://localhost:5173/src/hooks/useWebSocket.js:34
[ 1879445ms] [LOG] WebSocket disconnected @ http://localhost:5173/src/hooks/useWebSocket.js:34
[ 1882497ms] [LOG] WebSocket connected @ http://localhost:5173/src/hooks/useWebSocket.js:18
[ 1882500ms] InvalidStateError: Failed to execute 'send' on 'WebSocket': Still in CONNECTING state.
    at ws.current.onopen (http://localhost:5173/src/hooks/useWebSocket.js:22:18)
[ 1882643ms] [LOG] WebSocket connected @ http://localhost:5173/src/hooks/useWebSocket.js:18
[ 1882650ms] [LOG] Unknown message type: subscribed @ http://localhost:5173/src/hooks/useWebSocket.js:80
[ 2002367ms] [LOG] WebSocket disconnected @ http://localhost:5173/src/hooks/useWebSocket.js:34
[ 2002528ms] [LOG] WebSocket disconnected @ http://localhost:5173/src/hooks/useWebSocket.js:34
[ 2005379ms] [LOG] WebSocket connected @ http://localhost:5173/src/hooks/useWebSocket.js:18
[ 2005516ms] [LOG] Unknown message type: subscribed @ http://localhost:5173/src/hooks/useWebSocket.js:80
[ 2005538ms] [LOG] WebSocket connected @ http://localhost:5173/src/hooks/useWebSocket.js:18
[ 2005544ms] [LOG] Unknown message type: subscribed @ http://localhost:5173/src/hooks/useWebSocket.js:80
