[     249ms] [INFO] %cDownload the React DevTools for a better development experience: https://react.dev/link/react-devtools font-weight:bold @ http://localhost:5173/node_modules/.vite/deps/react-dom_client.js?v=9b343416:20102
[     411ms] [WARNING] No routes matched location "/hot-money"  @ http://localhost:5173/node_modules/.vite/deps/react-router-dom.js?v=9b343416:647
[     411ms] [WARNING] No routes matched location "/hot-money"  @ http://localhost:5173/node_modules/.vite/deps/react-router-dom.js?v=9b343416:647
[     453ms] [WARNING] WebSocket connection to 'ws://localhost:3090/ws' failed: WebSocket is closed before the connection is established. @ http://localhost:5173/src/hooks/useWebSocket.js:97
[     461ms] [ERROR] WebSocket error: Event @ http://localhost:5173/src/hooks/useWebSocket.js:41
[     461ms] [LOG] WebSocket disconnected @ http://localhost:5173/src/hooks/useWebSocket.js:34
[     496ms] [LOG] WebSocket connected @ http://localhost:5173/src/hooks/useWebSocket.js:18
[     535ms] [WARNING] No routes matched location "/hot-money"  @ http://localhost:5173/node_modules/.vite/deps/react-router-dom.js?v=9b343416:647
[     535ms] [WARNING] No routes matched location "/hot-money"  @ http://localhost:5173/node_modules/.vite/deps/react-router-dom.js?v=9b343416:647
[     547ms] [LOG] Unknown message type: subscribed @ http://localhost:5173/src/hooks/useWebSocket.js:80
[    3468ms] [LOG] WebSocket connected @ http://localhost:5173/src/hooks/useWebSocket.js:18
[    3470ms] [LOG] Unknown message type: subscribed @ http://localhost:5173/src/hooks/useWebSocket.js:80
[   57917ms] [LOG] WebSocket disconnected @ http://localhost:5173/src/hooks/useWebSocket.js:34
[   58002ms] [WARNING] No routes matched location "/hot-money"  @ http://localhost:5173/node_modules/.vite/deps/react-router-dom.js?v=9b343416:647
[   58005ms] [WARNING] No routes matched location "/hot-money"  @ http://localhost:5173/node_modules/.vite/deps/react-router-dom.js?v=9b343416:647
[   58012ms] [LOG] WebSocket disconnected @ http://localhost:5173/src/hooks/useWebSocket.js:34
[   60929ms] [LOG] WebSocket connected @ http://localhost:5173/src/hooks/useWebSocket.js:18
[   61008ms] [WARNING] No routes matched location "/hot-money"  @ http://localhost:5173/node_modules/.vite/deps/react-router-dom.js?v=9b343416:647
[   61009ms] [WARNING] No routes matched location "/hot-money"  @ http://localhost:5173/node_modules/.vite/deps/react-router-dom.js?v=9b343416:647
[   61014ms] [LOG] Unknown message type: subscribed @ http://localhost:5173/src/hooks/useWebSocket.js:80
[   61023ms] [LOG] WebSocket connected @ http://localhost:5173/src/hooks/useWebSocket.js:18
[   61031ms] [LOG] Unknown message type: subscribed @ http://localhost:5173/src/hooks/useWebSocket.js:80
