[     269ms] [INFO] %cDownload the React DevTools for a better development experience: https://react.dev/link/react-devtools font-weight:bold @ http://localhost:5173/node_modules/.vite/deps/react-dom_client.js?v=9b343416:20102
[     646ms] [WARNING] WebSocket connection to 'ws://localhost:3090/ws' failed: WebSocket is closed before the connection is established. @ http://localhost:5173/src/hooks/useWebSocket.js:97
[     679ms] [ERROR] WebSocket error: Event @ http://localhost:5173/src/hooks/useWebSocket.js:41
[     680ms] [LOG] WebSocket disconnected @ http://localhost:5173/src/hooks/useWebSocket.js:34
[     680ms] [ERROR] Failed to load resource: the server responded with a status of 404 (Not Found) @ http://localhost:5173/api/lenders?page=1&limit=100:0
[     681ms] [ERROR] Error loading lenders: Error: Failed to load lenders
    at loadLenders (http://localhost:5173/src/views/LenderMatcher.jsx:138:28) @ http://localhost:5173/src/views/LenderMatcher.jsx:142
[     681ms] [ERROR] Failed to load resource: the server responded with a status of 404 (Not Found) @ http://localhost:5173/api/lenders/stats:0
[     682ms] [ERROR] Failed to load resource: the server responded with a status of 404 (Not Found) @ http://localhost:5173/api/lenders?page=1&limit=100:0
[     682ms] [ERROR] Error loading lenders: Error: Failed to load lenders
    at loadLenders (http://localhost:5173/src/views/LenderMatcher.jsx:138:28) @ http://localhost:5173/src/views/LenderMatcher.jsx:142
[     683ms] [ERROR] Failed to load resource: the server responded with a status of 404 (Not Found) @ http://localhost:5173/api/lenders/stats:0
[     761ms] [LOG] WebSocket connected @ http://localhost:5173/src/hooks/useWebSocket.js:18
[     766ms] [ERROR] Failed to load resource: the server responded with a status of 404 (Not Found) @ http://localhost:5173/api/lenders/filter-options:0
[     767ms] [ERROR] Failed to load resource: the server responded with a status of 404 (Not Found) @ http://localhost:5173/api/lenders/filter-options:0
[     827ms] [LOG] Unknown message type: subscribed @ http://localhost:5173/src/hooks/useWebSocket.js:80
[    3686ms] [LOG] WebSocket connected @ http://localhost:5173/src/hooks/useWebSocket.js:18
[    3688ms] [LOG] Unknown message type: subscribed @ http://localhost:5173/src/hooks/useWebSocket.js:80
[   56281ms] [LOG] [vite] server connection lost. Polling for restart... @ http://localhost:5173/@vite/client:963
[   56284ms] [ERROR] WebSocket connection to 'ws://localhost:5173/' failed: Error in connection establishment: net::ERR_CONNECTION_REFUSED @ http://localhost:5173/@vite/client:1034
[   59387ms] [INFO] %cDownload the React DevTools for a better development experience: https://react.dev/link/react-devtools font-weight:bold @ http://localhost:5173/node_modules/.vite/deps/react-dom_client.js?v=9b343416:20102
[   59615ms] [WARNING] WebSocket connection to 'ws://localhost:3090/ws' failed: WebSocket is closed before the connection is established. @ http://localhost:5173/src/hooks/useWebSocket.js:97
[   59625ms] [ERROR] WebSocket error: Event @ http://localhost:5173/src/hooks/useWebSocket.js:41
[   59625ms] [LOG] WebSocket disconnected @ http://localhost:5173/src/hooks/useWebSocket.js:34
[   59635ms] [LOG] WebSocket connected @ http://localhost:5173/src/hooks/useWebSocket.js:18
[   59734ms] [LOG] Unknown message type: subscribed @ http://localhost:5173/src/hooks/useWebSocket.js:80
[   62634ms] [LOG] WebSocket connected @ http://localhost:5173/src/hooks/useWebSocket.js:18
[   62636ms] [LOG] Unknown message type: subscribed @ http://localhost:5173/src/hooks/useWebSocket.js:80
