[     216ms] [INFO] %cDownload the React DevTools for a better development experience: https://react.dev/link/react-devtools font-weight:bold @ http://localhost:5173/node_modules/.vite/deps/react-dom_client.js?v=9b343416:20102
[     412ms] [WARNING] WebSocket connection to 'ws://localhost:3090/ws' failed: WebSocket is closed before the connection is established. @ http://localhost:5173/src/hooks/useWebSocket.js:97
[     420ms] [ERROR] WebSocket error: Event @ http://localhost:5173/src/hooks/useWebSocket.js:41
[     421ms] [LOG] WebSocket disconnected @ http://localhost:5173/src/hooks/useWebSocket.js:34
[     457ms] [LOG] WebSocket connected @ http://localhost:5173/src/hooks/useWebSocket.js:18
[     524ms] [LOG] Unknown message type: subscribed @ http://localhost:5173/src/hooks/useWebSocket.js:80
[    3427ms] [LOG] WebSocket connected @ http://localhost:5173/src/hooks/useWebSocket.js:18
[    3428ms] [LOG] Unknown message type: subscribed @ http://localhost:5173/src/hooks/useWebSocket.js:80
[  365287ms] [LOG] FETCH: /api/recruiters?page=1&limit=50 @ :6
[  365287ms] [LOG] SEARCH PARAM: NO SEARCH @ :9
[  365425ms] [LOG] FETCH: /api/recruiters/filter-options @ :6
[  365425ms] [LOG] SEARCH PARAM: NO SEARCH @ :9
[  365426ms] [LOG] FETCH: /api/recruiters/stats @ :6
[  365426ms] [LOG] SEARCH PARAM: NO SEARCH @ :9
[  390208ms] [LOG] FETCH: /api/recruiters?page=1&limit=50 @ :6
[  390208ms] [LOG] SEARCH PARAM: NO SEARCH @ :9
[  462678ms] [LOG] [vite] server connection lost. Polling for restart... @ http://localhost:5173/@vite/client:963
[  462681ms] [ERROR] WebSocket connection to 'ws://localhost:5173/' failed: Error in connection establishment: net::ERR_CONNECTION_REFUSED @ http://localhost:5173/@vite/client:1034
[  463684ms] [ERROR] WebSocket connection to 'ws://localhost:5173/' failed: Error in connection establishment: net::ERR_CONNECTION_REFUSED @ http://localhost:5173/@vite/client:1034
[  464686ms] [ERROR] WebSocket connection to 'ws://localhost:5173/' failed: Error in connection establishment: net::ERR_CONNECTION_REFUSED @ http://localhost:5173/@vite/client:1034
[  465689ms] [ERROR] WebSocket connection to 'ws://localhost:5173/' failed: Error in connection establishment: net::ERR_CONNECTION_REFUSED @ http://localhost:5173/@vite/client:1034
[  466692ms] [ERROR] WebSocket connection to 'ws://localhost:5173/' failed: Error in connection establishment: net::ERR_CONNECTION_REFUSED @ http://localhost:5173/@vite/client:1034
[  467698ms] [ERROR] WebSocket connection to 'ws://localhost:5173/' failed: Error in connection establishment: net::ERR_CONNECTION_REFUSED @ http://localhost:5173/@vite/client:1034
[  468702ms] [ERROR] WebSocket connection to 'ws://localhost:5173/' failed: Error in connection establishment: net::ERR_CONNECTION_REFUSED @ http://localhost:5173/@vite/client:1034
[  469708ms] [ERROR] WebSocket connection to 'ws://localhost:5173/' failed: Error in connection establishment: net::ERR_CONNECTION_REFUSED @ http://localhost:5173/@vite/client:1034
[  470746ms] [ERROR] WebSocket connection to 'ws://localhost:5173/' failed: Error in connection establishment: net::ERR_CONNECTION_REFUSED @ http://localhost:5173/@vite/client:1034
[  471800ms] [ERROR] WebSocket connection to 'ws://localhost:5173/' failed: Error in connection establishment: net::ERR_CONNECTION_REFUSED @ http://localhost:5173/@vite/client:1034
[  472844ms] [ERROR] WebSocket connection to 'ws://localhost:5173/' failed: Error in connection establishment: net::ERR_CONNECTION_REFUSED @ http://localhost:5173/@vite/client:1034
[  473997ms] [ERROR] WebSocket connection to 'ws://localhost:5173/' failed: Error in connection establishment: net::ERR_CONNECTION_REFUSED @ http://localhost:5173/@vite/client:1034
[  475475ms] [ERROR] WebSocket connection to 'ws://localhost:5173/' failed: Error in connection establishment: net::ERR_CONNECTION_REFUSED @ http://localhost:5173/@vite/client:1034
[  476939ms] [ERROR] WebSocket connection to 'ws://localhost:5173/' failed: Error in connection establishment: net::ERR_CONNECTION_REFUSED @ http://localhost:5173/@vite/client:1034
[  478541ms] [ERROR] WebSocket connection to 'ws://localhost:5173/' failed: Error in connection establishment: net::ERR_CONNECTION_REFUSED @ http://localhost:5173/@vite/client:1034
[  484527ms] [ERROR] WebSocket connection to 'ws://localhost:5173/' failed: Error in connection establishment: net::ERR_CONNECTION_REFUSED @ http://localhost:5173/@vite/client:1034
[  488152ms] [ERROR] WebSocket connection to 'ws://localhost:5173/' failed: Error in connection establishment: net::ERR_CONNECTION_REFUSED @ http://localhost:5173/@vite/client:1034
[  493582ms] [ERROR] WebSocket connection to 'ws://localhost:5173/' failed: Error in connection establishment: net::ERR_CONNECTION_REFUSED @ http://localhost:5173/@vite/client:1034
[  499060ms] [ERROR] WebSocket connection to 'ws://localhost:5173/' failed: Error in connection establishment: net::ERR_CONNECTION_REFUSED @ http://localhost:5173/@vite/client:1034
[  501271ms] [ERROR] WebSocket connection to 'ws://localhost:5173/' failed: Error in connection establishment: net::ERR_CONNECTION_REFUSED @ http://localhost:5173/@vite/client:1034
[  506955ms] [ERROR] WebSocket connection to 'ws://localhost:5173/' failed: Error in connection establishment: net::ERR_CONNECTION_REFUSED @ http://localhost:5173/@vite/client:1034
[  511183ms] [ERROR] WebSocket connection to 'ws://localhost:5173/' failed: Error in connection establishment: net::ERR_CONNECTION_REFUSED @ http://localhost:5173/@vite/client:1034
[  516511ms] [ERROR] WebSocket connection to 'ws://localhost:5173/' failed: Error in connection establishment: net::ERR_CONNECTION_REFUSED @ http://localhost:5173/@vite/client:1034
[  524807ms] [INFO] %cDownload the React DevTools for a better development experience: https://react.dev/link/react-devtools font-weight:bold @ http://localhost:5173/node_modules/.vite/deps/react-dom_client.js?v=9b343416:20102
[  525013ms] [WARNING] WebSocket connection to 'ws://localhost:3090/ws' failed: WebSocket is closed before the connection is established. @ http://localhost:5173/src/hooks/useWebSocket.js:97
[  525022ms] [ERROR] WebSocket error: Event @ http://localhost:5173/src/hooks/useWebSocket.js:41
[  525023ms] [LOG] WebSocket disconnected @ http://localhost:5173/src/hooks/useWebSocket.js:34
[  525045ms] [LOG] WebSocket connected @ http://localhost:5173/src/hooks/useWebSocket.js:18
[  525112ms] [LOG] Unknown message type: subscribed @ http://localhost:5173/src/hooks/useWebSocket.js:80
[  528035ms] [LOG] WebSocket connected @ http://localhost:5173/src/hooks/useWebSocket.js:18
[  528037ms] [LOG] Unknown message type: subscribed @ http://localhost:5173/src/hooks/useWebSocket.js:80
