[     206ms] [INFO] %cDownload the React DevTools for a better development experience: https://react.dev/link/react-devtools font-weight:bold @ http://localhost:5173/node_modules/.vite/deps/react-dom_client.js?v=9b343416:20102
[     408ms] [WARNING] WebSocket connection to 'ws://localhost:3090/ws' failed: WebSocket is closed before the connection is established. @ http://localhost:5173/src/hooks/useWebSocket.js:97
[     414ms] [ERROR] WebSocket error: Event @ http://localhost:5173/src/hooks/useWebSocket.js:41
[     414ms] [LOG] WebSocket disconnected @ http://localhost:5173/src/hooks/useWebSocket.js:34
[     469ms] [LOG] WebSocket connected @ http://localhost:5173/src/hooks/useWebSocket.js:18
[     539ms] [LOG] Unknown message type: subscribed @ http://localhost:5173/src/hooks/useWebSocket.js:80
[    3420ms] [LOG] WebSocket connected @ http://localhost:5173/src/hooks/useWebSocket.js:18
[    3422ms] [LOG] Unknown message type: subscribed @ http://localhost:5173/src/hooks/useWebSocket.js:80
[    5409ms] [ERROR] Failed to load resource: the server responded with a status of 404 (Not Found) @ http://localhost:5173/api/recruiters?page=1&limit=50:0
[    5409ms] [ERROR] Error loading agents from API: Error: HTTP 404
    at loadData (http://localhost:5173/src/views/EXAgentRecruiterEnhanced.jsx:1953:28) @ http://localhost:5173/src/views/EXAgentRecruiterEnhanced.jsx:1973
[    5410ms] [ERROR] Failed to load resource: the server responded with a status of 404 (Not Found) @ http://localhost:5173/api/dbeaver/stats:0
[    5411ms] [ERROR] Failed to load resource: the server responded with a status of 404 (Not Found) @ http://localhost:5173/api/dbeaver/cities:0
[    5424ms] [ERROR] Failed to load resource: the server responded with a status of 404 (Not Found) @ http://localhost:5173/api/recruiters/filter-options:0
[    5424ms] [ERROR] Failed to load resource: the server responded with a status of 404 (Not Found) @ http://localhost:5173/api/recruiters/stats:0
[    5425ms] [ERROR] TypeError: data.statuses is not iterable
    at http://localhost:5173/src/views/EXAgentRecruiterEnhanced.jsx:1858:44 @ :0
[    5429ms] [ERROR] Failed to load resource: the server responded with a status of 404 (Not Found) @ http://localhost:5173/api/dbeaver/cities:0
[    5431ms] [ERROR] Failed to load resource: the server responded with a status of 404 (Not Found) @ http://localhost:5173/api/recruiters?page=1&limit=50:0
[    5431ms] [ERROR] Error loading agents from API: Error: HTTP 404
    at loadData (http://localhost:5173/src/views/EXAgentRecruiterEnhanced.jsx:1953:28) @ http://localhost:5173/src/views/EXAgentRecruiterEnhanced.jsx:1973
[    5469ms] [ERROR] Failed to load resource: the server responded with a status of 404 (Not Found) @ http://localhost:5173/api/dbeaver/stats:0
[    5488ms] [ERROR] Failed to load resource: the server responded with a status of 404 (Not Found) @ http://localhost:5173/api/recruiters/filter-options:0
[    5488ms] [ERROR] Failed to load resource: the server responded with a status of 404 (Not Found) @ http://localhost:5173/api/recruiters/stats:0
[    5496ms] [ERROR] TypeError: data.statuses is not iterable
    at http://localhost:5173/src/views/EXAgentRecruiterEnhanced.jsx:1858:44 @ :0
