[     252ms] [INFO] %cDownload the React DevTools for a better development experience: https://react.dev/link/react-devtools font-weight:bold @ http://localhost:5173/node_modules/.vite/deps/react-dom_client.js?v=2373fa66:20102
[     453ms] [WARNING] WebSocket connection to 'ws://localhost:3090/ws' failed: WebSocket is closed before the connection is established. @ http://localhost:5173/src/hooks/useWebSocket.js:97
[     464ms] [ERROR] WebSocket error: Event @ http://localhost:5173/src/hooks/useWebSocket.js:41
[     464ms] [LOG] WebSocket disconnected @ http://localhost:5173/src/hooks/useWebSocket.js:34
[     535ms] [LOG] WebSocket connected @ http://localhost:5173/src/hooks/useWebSocket.js:18
[     607ms] [LOG] Unknown message type: subscribed @ http://localhost:5173/src/hooks/useWebSocket.js:80
[    3472ms] [LOG] WebSocket connected @ http://localhost:5173/src/hooks/useWebSocket.js:18
[    3474ms] [LOG] Unknown message type: subscribed @ http://localhost:5173/src/hooks/useWebSocket.js:80
[   25016ms] [ERROR] Failed to load resource: net::ERR_CONNECTION_REFUSED @ http://localhost:8081/health:0
[   25016ms] [ERROR] Health check failed: TypeError: Failed to fetch
    at checkHealth (http://localhost:5173/src/views/BotBoardroom.jsx:325:25)
    at http://localhost:5173/src/views/BotBoardroom.jsx:320:5
    at Object.react_stack_bottom_frame (http://localhost:5173/node_modules/.vite/deps/react-dom_client.js?v=2373fa66:18567:20)
    at runWithFiberInDEV (http://localhost:5173/node_modules/.vite/deps/react-dom_client.js?v=2373fa66:997:72)
    at commitHookEffectListMount (http://localhost:5173/node_modules/.vite/deps/react-dom_client.js?v=2373fa66:9411:163)
    at commitHookPassiveMountEffects (http://localhost:5173/node_modules/.vite/deps/react-dom_client.js?v=2373fa66:9465:60)
    at commitPassiveMountOnFiber (http://localhost:5173/node_modules/.vite/deps/react-dom_client.js?v=2373fa66:11040:29)
    at recursivelyTraversePassiveMountEffects (http://localhost:5173/node_modules/.vite/deps/react-dom_client.js?v=2373fa66:11010:13)
    at commitPassiveMountOnFiber (http://localhost:5173/node_modules/.vite/deps/react-dom_client.js?v=2373fa66:11201:13)
    at recursivelyTraversePassiveMountEffects (http://localhost:5173/node_modules/.vite/deps/react-dom_client.js?v=2373fa66:11010:13) @ http://localhost:5173/src/views/BotBoardroom.jsx:328
[   25017ms] [ERROR] Failed to load resource: net::ERR_CONNECTION_REFUSED @ http://localhost:8081/agents/meetings?limit=10:0
[   25017ms] [ERROR] Failed to load meetings: TypeError: Failed to fetch
    at loadMeetings (http://localhost:5173/src/views/BotBoardroom.jsx:335:25)
    at http://localhost:5173/src/views/BotBoardroom.jsx:321:5
    at Object.react_stack_bottom_frame (http://localhost:5173/node_modules/.vite/deps/react-dom_client.js?v=2373fa66:18567:20)
    at runWithFiberInDEV (http://localhost:5173/node_modules/.vite/deps/react-dom_client.js?v=2373fa66:997:72)
    at commitHookEffectListMount (http://localhost:5173/node_modules/.vite/deps/react-dom_client.js?v=2373fa66:9411:163)
    at commitHookPassiveMountEffects (http://localhost:5173/node_modules/.vite/deps/react-dom_client.js?v=2373fa66:9465:60)
    at commitPassiveMountOnFiber (http://localhost:5173/node_modules/.vite/deps/react-dom_client.js?v=2373fa66:11040:29)
    at recursivelyTraversePassiveMountEffects (http://localhost:5173/node_modules/.vite/deps/react-dom_client.js?v=2373fa66:11010:13)
    at commitPassiveMountOnFiber (http://localhost:5173/node_modules/.vite/deps/react-dom_client.js?v=2373fa66:11201:13)
    at recursivelyTraversePassiveMountEffects (http://localhost:5173/node_modules/.vite/deps/react-dom_client.js?v=2373fa66:11010:13) @ http://localhost:5173/src/views/BotBoardroom.jsx:338
[   25017ms] [ERROR] Failed to load resource: net::ERR_CONNECTION_REFUSED @ http://localhost:8081/health:0
[   25017ms] [ERROR] Health check failed: TypeError: Failed to fetch
    at checkHealth (http://localhost:5173/src/views/BotBoardroom.jsx:325:25)
    at http://localhost:5173/src/views/BotBoardroom.jsx:320:5
    at Object.react_stack_bottom_frame (http://localhost:5173/node_modules/.vite/deps/react-dom_client.js?v=2373fa66:18567:20)
    at runWithFiberInDEV (http://localhost:5173/node_modules/.vite/deps/react-dom_client.js?v=2373fa66:997:72)
    at commitHookEffectListMount (http://localhost:5173/node_modules/.vite/deps/react-dom_client.js?v=2373fa66:9411:163)
    at commitHookPassiveMountEffects (http://localhost:5173/node_modules/.vite/deps/react-dom_client.js?v=2373fa66:9465:60)
    at reconnectPassiveEffects (http://localhost:5173/node_modules/.vite/deps/react-dom_client.js?v=2373fa66:11273:13)
    at doubleInvokeEffectsOnFiber (http://localhost:5173/node_modules/.vite/deps/react-dom_client.js?v=2373fa66:13339:135)
    at runWithFiberInDEV (http://localhost:5173/node_modules/.vite/deps/react-dom_client.js?v=2373fa66:997:72)
    at recursivelyTraverseAndDoubleInvokeEffectsInDEV (http://localhost:5173/node_modules/.vite/deps/react-dom_client.js?v=2373fa66:13312:78) @ http://localhost:5173/src/views/BotBoardroom.jsx:328
[   25017ms] [ERROR] Failed to load resource: net::ERR_CONNECTION_REFUSED @ http://localhost:8081/agents/meetings?limit=10:0
[   25017ms] [ERROR] Failed to load meetings: TypeError: Failed to fetch
    at loadMeetings (http://localhost:5173/src/views/BotBoardroom.jsx:335:25)
    at http://localhost:5173/src/views/BotBoardroom.jsx:321:5
    at Object.react_stack_bottom_frame (http://localhost:5173/node_modules/.vite/deps/react-dom_client.js?v=2373fa66:18567:20)
    at runWithFiberInDEV (http://localhost:5173/node_modules/.vite/deps/react-dom_client.js?v=2373fa66:997:72)
    at commitHookEffectListMount (http://localhost:5173/node_modules/.vite/deps/react-dom_client.js?v=2373fa66:9411:163)
    at commitHookPassiveMountEffects (http://localhost:5173/node_modules/.vite/deps/react-dom_client.js?v=2373fa66:9465:60)
    at reconnectPassiveEffects (http://localhost:5173/node_modules/.vite/deps/react-dom_client.js?v=2373fa66:11273:13)
    at doubleInvokeEffectsOnFiber (http://localhost:5173/node_modules/.vite/deps/react-dom_client.js?v=2373fa66:13339:135)
    at runWithFiberInDEV (http://localhost:5173/node_modules/.vite/deps/react-dom_client.js?v=2373fa66:997:72)
    at recursivelyTraverseAndDoubleInvokeEffectsInDEV (http://localhost:5173/node_modules/.vite/deps/react-dom_client.js?v=2373fa66:13312:78) @ http://localhost:5173/src/views/BotBoardroom.jsx:338
