[     212ms] [INFO] %cDownload the React DevTools for a better development experience: https://react.dev/link/react-devtools font-weight:bold @ http://localhost:5173/node_modules/.vite/deps/react-dom_client.js?v=9b343416:20102
[     489ms] TypeError: Cannot read properties of undefined (reading 'map')
    at http://localhost:5173/src/views/VigilBot.jsx:740:93
    at Array.map (<anonymous>)
    at VigilBot (http://localhost:5173/src/views/VigilBot.jsx:617:108)
    at Object.react_stack_bottom_frame (http://localhost:5173/node_modules/.vite/deps/react-dom_client.js?v=9b343416:18509:20)
    at renderWithHooks (http://localhost:5173/node_modules/.vite/deps/react-dom_client.js?v=9b343416:5654:24)
    at updateFunctionComponent (http://localhost:5173/node_modules/.vite/deps/react-dom_client.js?v=9b343416:7475:21)
    at beginWork (http://localhost:5173/node_modules/.vite/deps/react-dom_client.js?v=9b343416:8525:20)
    at runWithFiberInDEV (http://localhost:5173/node_modules/.vite/deps/react-dom_client.js?v=9b343416:997:72)
    at performUnitOfWork (http://localhost:5173/node_modules/.vite/deps/react-dom_client.js?v=9b343416:12561:98)
    at workLoopSync (http://localhost:5173/node_modules/.vite/deps/react-dom_client.js?v=9b343416:12424:43)
[     487ms] [WARNING] %s

%s
 An error occurred in the <VigilBot> component. Consider adding an error boundary to your tree to customize error handling behavior.
Visit https://react.dev/link/error-boundaries to learn more about error boundaries. @ http://localhost:5173/node_modules/.vite/deps/react-dom_client.js?v=9b343416:6965
[  158702ms] [WARNING] WebSocket connection to 'ws://localhost:3090/ws' failed: WebSocket is closed before the connection is established. @ http://localhost:5173/src/hooks/useWebSocket.js:97
[  158851ms] [ERROR] Failed to load resource: the server responded with a status of 404 (Not Found) @ http://localhost:3090/api/health:0
[  158851ms] [ERROR] Failed to load resource: the server responded with a status of 404 (Not Found) @ http://localhost:3090/ws:0
[  158852ms] [ERROR] WebSocket error: Event @ http://localhost:5173/src/hooks/useWebSocket.js:41
[  158852ms] [LOG] WebSocket disconnected @ http://localhost:5173/src/hooks/useWebSocket.js:34
[  158853ms] [ERROR] Failed to load resource: the server responded with a status of 404 (Not Found) @ http://localhost:8081/meetings:0
[  158861ms] TypeError: Cannot read properties of undefined (reading 'map')
    at checkService (http://localhost:5173/src/views/VigilBot.jsx?t=1775102537402:230:25)
    at http://localhost:5173/src/views/VigilBot.jsx?t=1775102537402:268:33
    at Array.map (<anonymous>)
    at http://localhost:5173/src/views/VigilBot.jsx?t=1775102537402:268:16
    at http://localhost:5173/src/views/VigilBot.jsx?t=1775102537402:300:5
    at Object.react_stack_bottom_frame (http://localhost:5173/node_modules/.vite/deps/react-dom_client.js?v=9b343416:18567:20)
    at runWithFiberInDEV (http://localhost:5173/node_modules/.vite/deps/react-dom_client.js?v=9b343416:997:72)
    at commitHookEffectListMount (http://localhost:5173/node_modules/.vite/deps/react-dom_client.js?v=9b343416:9411:163)
    at commitHookPassiveMountEffects (http://localhost:5173/node_modules/.vite/deps/react-dom_client.js?v=9b343416:9465:60)
    at commitPassiveMountOnFiber (http://localhost:5173/node_modules/.vite/deps/react-dom_client.js?v=9b343416:11040:29)
[  158862ms] TypeError: Cannot read properties of undefined (reading 'map')
    at checkService (http://localhost:5173/src/views/VigilBot.jsx?t=1775102537402:230:25)
    at http://localhost:5173/src/views/VigilBot.jsx?t=1775102537402:268:33
    at Array.map (<anonymous>)
    at http://localhost:5173/src/views/VigilBot.jsx?t=1775102537402:268:16
    at http://localhost:5173/src/views/VigilBot.jsx?t=1775102537402:300:5
    at Object.react_stack_bottom_frame (http://localhost:5173/node_modules/.vite/deps/react-dom_client.js?v=9b343416:18567:20)
    at runWithFiberInDEV (http://localhost:5173/node_modules/.vite/deps/react-dom_client.js?v=9b343416:997:72)
    at commitHookEffectListMount (http://localhost:5173/node_modules/.vite/deps/react-dom_client.js?v=9b343416:9411:163)
    at commitHookPassiveMountEffects (http://localhost:5173/node_modules/.vite/deps/react-dom_client.js?v=9b343416:9465:60)
    at reconnectPassiveEffects (http://localhost:5173/node_modules/.vite/deps/react-dom_client.js?v=9b343416:11273:13)
[  158872ms] [ERROR] Failed to load resource: the server responded with a status of 404 (Not Found) @ http://localhost:3090/api/health:0
[  158872ms] [ERROR] Failed to load resource: the server responded with a status of 404 (Not Found) @ http://localhost:3090/ws:0
[  158873ms] [ERROR] Failed to load resource: the server responded with a status of 404 (Not Found) @ http://localhost:8081/meetings:0
[  158881ms] [LOG] WebSocket connected @ http://localhost:5173/src/hooks/useWebSocket.js:18
[  158990ms] [LOG] Unknown message type: subscribed @ http://localhost:5173/src/hooks/useWebSocket.js:80
[  161858ms] [LOG] WebSocket connected @ http://localhost:5173/src/hooks/useWebSocket.js:18
[  161860ms] [LOG] Unknown message type: subscribed @ http://localhost:5173/src/hooks/useWebSocket.js:80
[  188814ms] TypeError: Cannot read properties of undefined (reading 'map')
    at checkService (http://localhost:5173/src/views/VigilBot.jsx?t=1775102537402:230:25)
    at http://localhost:5173/src/views/VigilBot.jsx?t=1775102537402:268:33
    at Array.map (<anonymous>)
    at http://localhost:5173/src/views/VigilBot.jsx?t=1775102537402:268:16
[  188813ms] [ERROR] Failed to load resource: the server responded with a status of 404 (Not Found) @ http://localhost:3090/api/health:0
[  188819ms] [ERROR] Failed to load resource: the server responded with a status of 404 (Not Found) @ http://localhost:8081/meetings:0
[  188819ms] [ERROR] Failed to load resource: the server responded with a status of 404 (Not Found) @ http://localhost:3090/ws:0
[  218812ms] TypeError: Cannot read properties of undefined (reading 'map')
    at checkService (http://localhost:5173/src/views/VigilBot.jsx?t=1775102537402:230:25)
    at http://localhost:5173/src/views/VigilBot.jsx?t=1775102537402:268:33
    at Array.map (<anonymous>)
    at http://localhost:5173/src/views/VigilBot.jsx?t=1775102537402:268:16
[  218816ms] [ERROR] Failed to load resource: the server responded with a status of 404 (Not Found) @ http://localhost:3090/api/health:0
[  218816ms] [ERROR] Failed to load resource: the server responded with a status of 404 (Not Found) @ http://localhost:3090/ws:0
[  218816ms] [ERROR] Failed to load resource: the server responded with a status of 404 (Not Found) @ http://localhost:8081/meetings:0
[  248813ms] TypeError: Cannot read properties of undefined (reading 'map')
    at checkService (http://localhost:5173/src/views/VigilBot.jsx?t=1775102537402:230:25)
    at http://localhost:5173/src/views/VigilBot.jsx?t=1775102537402:268:33
    at Array.map (<anonymous>)
    at http://localhost:5173/src/views/VigilBot.jsx?t=1775102537402:268:16
[  248812ms] [ERROR] Failed to load resource: the server responded with a status of 404 (Not Found) @ http://localhost:3090/api/health:0
[  248812ms] [ERROR] Failed to load resource: the server responded with a status of 404 (Not Found) @ http://localhost:3090/ws:0
[  248818ms] [ERROR] Failed to load resource: the server responded with a status of 404 (Not Found) @ http://localhost:8081/meetings:0
[  275817ms] [ERROR] Failed to load resource: the server responded with a status of 404 (Not Found) @ http://localhost:3090/api/health:0
[  275817ms] [ERROR] Failed to load resource: the server responded with a status of 404 (Not Found) @ http://localhost:3090/ws:0
[  275818ms] [ERROR] Failed to load resource: the server responded with a status of 404 (Not Found) @ http://localhost:8081/meetings:0
[  276123ms] [ERROR] Failed to load resource: the server responded with a status of 404 (Not Found) @ http://localhost:3090/api/health:0
[  276124ms] [ERROR] Failed to load resource: the server responded with a status of 404 (Not Found) @ http://localhost:3090/ws:0
[  276124ms] [ERROR] Failed to load resource: the server responded with a status of 404 (Not Found) @ http://localhost:8081/meetings:0
[  276389ms] [ERROR] Failed to load resource: the server responded with a status of 404 (Not Found) @ http://localhost:3090/api/health:0
[  276389ms] [ERROR] Failed to load resource: the server responded with a status of 404 (Not Found) @ http://localhost:3090/ws:0
[  276390ms] [ERROR] Failed to load resource: the server responded with a status of 404 (Not Found) @ http://localhost:8081/meetings:0
[  276679ms] [ERROR] Failed to load resource: the server responded with a status of 404 (Not Found) @ http://localhost:3090/api/health:0
[  276684ms] [ERROR] Failed to load resource: the server responded with a status of 404 (Not Found) @ http://localhost:3090/ws:0
[  276686ms] [ERROR] Failed to load resource: the server responded with a status of 404 (Not Found) @ http://localhost:8081/meetings:0
[  277087ms] [ERROR] Failed to load resource: the server responded with a status of 404 (Not Found) @ http://localhost:3090/api/health:0
[  277087ms] [ERROR] Failed to load resource: the server responded with a status of 404 (Not Found) @ http://localhost:3090/ws:0
[  277088ms] [ERROR] Failed to load resource: the server responded with a status of 404 (Not Found) @ http://localhost:8081/meetings:0
[  277401ms] [ERROR] Failed to load resource: the server responded with a status of 404 (Not Found) @ http://localhost:3090/api/health:0
[  277401ms] [ERROR] Failed to load resource: the server responded with a status of 404 (Not Found) @ http://localhost:3090/ws:0
[  277402ms] [ERROR] Failed to load resource: the server responded with a status of 404 (Not Found) @ http://localhost:8081/meetings:0
[  277795ms] [ERROR] Failed to load resource: the server responded with a status of 404 (Not Found) @ http://localhost:3090/api/health:0
[  277796ms] [ERROR] Failed to load resource: the server responded with a status of 404 (Not Found) @ http://localhost:3090/ws:0
[  277796ms] [ERROR] Failed to load resource: the server responded with a status of 404 (Not Found) @ http://localhost:8081/meetings:0
[  278126ms] [ERROR] Failed to load resource: the server responded with a status of 404 (Not Found) @ http://localhost:3090/api/health:0
[  278126ms] [ERROR] Failed to load resource: the server responded with a status of 404 (Not Found) @ http://localhost:8081/meetings:0
[  278127ms] [ERROR] Failed to load resource: the server responded with a status of 404 (Not Found) @ http://localhost:3090/ws:0
[  278542ms] [ERROR] Failed to load resource: the server responded with a status of 404 (Not Found) @ http://localhost:3090/api/health:0
[  278542ms] [ERROR] Failed to load resource: the server responded with a status of 404 (Not Found) @ http://localhost:3090/ws:0
[  278543ms] [ERROR] Failed to load resource: the server responded with a status of 404 (Not Found) @ http://localhost:8081/meetings:0
[  278855ms] [ERROR] Failed to load resource: the server responded with a status of 404 (Not Found) @ http://localhost:3090/api/health:0
[  278855ms] [ERROR] Failed to load resource: the server responded with a status of 404 (Not Found) @ http://localhost:3090/ws:0
[  278875ms] [ERROR] Failed to load resource: the server responded with a status of 404 (Not Found) @ http://localhost:8081/meetings:0
[  279179ms] [ERROR] Failed to load resource: the server responded with a status of 404 (Not Found) @ http://localhost:3090/api/health:0
[  279180ms] [ERROR] Failed to load resource: the server responded with a status of 404 (Not Found) @ http://localhost:3090/ws:0
[  279180ms] [ERROR] Failed to load resource: the server responded with a status of 404 (Not Found) @ http://localhost:8081/meetings:0
[  279490ms] [ERROR] Failed to load resource: the server responded with a status of 404 (Not Found) @ http://localhost:3090/api/health:0
[  279490ms] [ERROR] Failed to load resource: the server responded with a status of 404 (Not Found) @ http://localhost:3090/ws:0
[  279490ms] [ERROR] Failed to load resource: the server responded with a status of 404 (Not Found) @ http://localhost:8081/meetings:0
[  279857ms] [ERROR] Failed to load resource: the server responded with a status of 404 (Not Found) @ http://localhost:3090/ws:0
[  279857ms] [ERROR] Failed to load resource: the server responded with a status of 404 (Not Found) @ http://localhost:3090/api/health:0
[  279858ms] [ERROR] Failed to load resource: the server responded with a status of 404 (Not Found) @ http://localhost:8081/meetings:0
[  280060ms] [ERROR] Failed to load resource: the server responded with a status of 404 (Not Found) @ http://localhost:3090/api/health:0
[  280077ms] [ERROR] Failed to load resource: the server responded with a status of 404 (Not Found) @ http://localhost:3090/ws:0
[  280078ms] [ERROR] Failed to load resource: the server responded with a status of 404 (Not Found) @ http://localhost:8081/meetings:0
[  280379ms] [ERROR] Failed to load resource: the server responded with a status of 404 (Not Found) @ http://localhost:3090/api/health:0
[  280390ms] [ERROR] Failed to load resource: the server responded with a status of 404 (Not Found) @ http://localhost:3090/ws:0
[  280391ms] [ERROR] Failed to load resource: the server responded with a status of 404 (Not Found) @ http://localhost:8081/meetings:0
[  280682ms] [ERROR] Failed to load resource: the server responded with a status of 404 (Not Found) @ http://localhost:3090/api/health:0
[  280682ms] [ERROR] Failed to load resource: the server responded with a status of 404 (Not Found) @ http://localhost:3090/ws:0
[  280693ms] [ERROR] Failed to load resource: the server responded with a status of 404 (Not Found) @ http://localhost:8081/meetings:0
[  280940ms] [ERROR] Failed to load resource: the server responded with a status of 404 (Not Found) @ http://localhost:3090/api/health:0
[  280941ms] [ERROR] Failed to load resource: the server responded with a status of 404 (Not Found) @ http://localhost:3090/ws:0
[  280942ms] [ERROR] Failed to load resource: the server responded with a status of 404 (Not Found) @ http://localhost:8081/meetings:0
[  281155ms] [ERROR] Failed to load resource: the server responded with a status of 404 (Not Found) @ http://localhost:3090/api/health:0
[  281155ms] [ERROR] Failed to load resource: the server responded with a status of 404 (Not Found) @ http://localhost:3090/ws:0
[  281156ms] [ERROR] Failed to load resource: the server responded with a status of 404 (Not Found) @ http://localhost:8081/meetings:0
[  281526ms] [ERROR] Failed to load resource: the server responded with a status of 404 (Not Found) @ http://localhost:3090/api/health:0
[  281527ms] [ERROR] Failed to load resource: the server responded with a status of 404 (Not Found) @ http://localhost:8081/meetings:0
[  281527ms] [ERROR] Failed to load resource: the server responded with a status of 404 (Not Found) @ http://localhost:3090/ws:0
[  281838ms] [ERROR] Failed to load resource: the server responded with a status of 404 (Not Found) @ http://localhost:3090/api/health:0
[  281839ms] [ERROR] Failed to load resource: the server responded with a status of 404 (Not Found) @ http://localhost:3090/ws:0
[  281839ms] [ERROR] Failed to load resource: the server responded with a status of 404 (Not Found) @ http://localhost:8081/meetings:0
[  282171ms] [ERROR] Failed to load resource: the server responded with a status of 404 (Not Found) @ http://localhost:3090/api/health:0
[  282171ms] [ERROR] Failed to load resource: the server responded with a status of 404 (Not Found) @ http://localhost:8081/meetings:0
[  282171ms] [ERROR] Failed to load resource: the server responded with a status of 404 (Not Found) @ http://localhost:3090/ws:0
[  282447ms] [ERROR] Failed to load resource: the server responded with a status of 404 (Not Found) @ http://localhost:3090/api/health:0
[  282447ms] [ERROR] Failed to load resource: the server responded with a status of 404 (Not Found) @ http://localhost:3090/ws:0
[  282448ms] [ERROR] Failed to load resource: the server responded with a status of 404 (Not Found) @ http://localhost:8081/meetings:0
[  282856ms] [ERROR] Failed to load resource: the server responded with a status of 404 (Not Found) @ http://localhost:3090/api/health:0
[  282857ms] [ERROR] Failed to load resource: the server responded with a status of 404 (Not Found) @ http://localhost:3090/ws:0
[  282858ms] [ERROR] Failed to load resource: the server responded with a status of 404 (Not Found) @ http://localhost:8081/meetings:0
[  283271ms] [ERROR] Failed to load resource: the server responded with a status of 404 (Not Found) @ http://localhost:3090/api/health:0
[  283271ms] [ERROR] Failed to load resource: the server responded with a status of 404 (Not Found) @ http://localhost:3090/ws:0
[  283271ms] [ERROR] Failed to load resource: the server responded with a status of 404 (Not Found) @ http://localhost:8081/meetings:0
[  283658ms] [ERROR] Failed to load resource: the server responded with a status of 404 (Not Found) @ http://localhost:3090/api/health:0
[  283659ms] [ERROR] Failed to load resource: the server responded with a status of 404 (Not Found) @ http://localhost:3090/ws:0
[  283660ms] [ERROR] Failed to load resource: the server responded with a status of 404 (Not Found) @ http://localhost:8081/meetings:0
[  283922ms] [ERROR] Failed to load resource: the server responded with a status of 404 (Not Found) @ http://localhost:3090/api/health:0
[  283923ms] [ERROR] Failed to load resource: the server responded with a status of 404 (Not Found) @ http://localhost:3090/ws:0
[  283923ms] [ERROR] Failed to load resource: the server responded with a status of 404 (Not Found) @ http://localhost:8081/meetings:0
[  284269ms] [ERROR] Failed to load resource: the server responded with a status of 404 (Not Found) @ http://localhost:3090/api/health:0
[  284269ms] [ERROR] Failed to load resource: the server responded with a status of 404 (Not Found) @ http://localhost:3090/ws:0
[  284270ms] [ERROR] Failed to load resource: the server responded with a status of 404 (Not Found) @ http://localhost:8081/meetings:0
[  284507ms] [ERROR] Failed to load resource: the server responded with a status of 404 (Not Found) @ http://localhost:3090/api/health:0
[  284507ms] [ERROR] Failed to load resource: the server responded with a status of 404 (Not Found) @ http://localhost:8081/meetings:0
[  284507ms] [ERROR] Failed to load resource: the server responded with a status of 404 (Not Found) @ http://localhost:3090/ws:0
[  284890ms] [ERROR] Failed to load resource: the server responded with a status of 404 (Not Found) @ http://localhost:3090/api/health:0
[  284891ms] [ERROR] Failed to load resource: the server responded with a status of 404 (Not Found) @ http://localhost:3090/ws:0
[  284891ms] [ERROR] Failed to load resource: the server responded with a status of 404 (Not Found) @ http://localhost:8081/meetings:0
[  285201ms] [ERROR] Failed to load resource: the server responded with a status of 404 (Not Found) @ http://localhost:8081/meetings:0
[  285201ms] [ERROR] Failed to load resource: the server responded with a status of 404 (Not Found) @ http://localhost:3090/api/health:0
[  285201ms] [ERROR] Failed to load resource: the server responded with a status of 404 (Not Found) @ http://localhost:3090/ws:0
[  285470ms] [ERROR] Failed to load resource: the server responded with a status of 404 (Not Found) @ http://localhost:3090/api/health:0
[  285554ms] [ERROR] Failed to load resource: the server responded with a status of 404 (Not Found) @ http://localhost:3090/ws:0
[  285556ms] [ERROR] Failed to load resource: the server responded with a status of 404 (Not Found) @ http://localhost:8081/meetings:0
[  285841ms] [ERROR] Failed to load resource: the server responded with a status of 404 (Not Found) @ http://localhost:3090/api/health:0
[  285841ms] [ERROR] Failed to load resource: the server responded with a status of 404 (Not Found) @ http://localhost:8081/meetings:0
[  285842ms] [ERROR] Failed to load resource: the server responded with a status of 404 (Not Found) @ http://localhost:3090/ws:0
[  286181ms] [ERROR] Failed to load resource: the server responded with a status of 404 (Not Found) @ http://localhost:3090/api/health:0
[  286183ms] [ERROR] Failed to load resource: the server responded with a status of 404 (Not Found) @ http://localhost:3090/ws:0
[  286183ms] [ERROR] Failed to load resource: the server responded with a status of 404 (Not Found) @ http://localhost:8081/meetings:0
[  286482ms] [ERROR] Failed to load resource: the server responded with a status of 404 (Not Found) @ http://localhost:3090/api/health:0
[  286482ms] [ERROR] Failed to load resource: the server responded with a status of 404 (Not Found) @ http://localhost:3090/ws:0
[  286483ms] [ERROR] Failed to load resource: the server responded with a status of 404 (Not Found) @ http://localhost:8081/meetings:0
[  286763ms] [ERROR] Failed to load resource: the server responded with a status of 404 (Not Found) @ http://localhost:3090/api/health:0
[  286764ms] [ERROR] Failed to load resource: the server responded with a status of 404 (Not Found) @ http://localhost:3090/ws:0
[  286764ms] [ERROR] Failed to load resource: the server responded with a status of 404 (Not Found) @ http://localhost:8081/meetings:0
[  287098ms] [ERROR] Failed to load resource: the server responded with a status of 404 (Not Found) @ http://localhost:3090/api/health:0
[  287098ms] [ERROR] Failed to load resource: the server responded with a status of 404 (Not Found) @ http://localhost:3090/ws:0
[  287112ms] [ERROR] Failed to load resource: the server responded with a status of 404 (Not Found) @ http://localhost:8081/meetings:0
[  287373ms] [ERROR] Failed to load resource: the server responded with a status of 404 (Not Found) @ http://localhost:3090/api/health:0
[  287373ms] [ERROR] Failed to load resource: the server responded with a status of 404 (Not Found) @ http://localhost:3090/ws:0
[  287374ms] [ERROR] Failed to load resource: the server responded with a status of 404 (Not Found) @ http://localhost:8081/meetings:0
[  287684ms] [ERROR] Failed to load resource: the server responded with a status of 404 (Not Found) @ http://localhost:3090/api/health:0
[  287693ms] [ERROR] Failed to load resource: the server responded with a status of 404 (Not Found) @ http://localhost:3090/ws:0
[  287694ms] [ERROR] Failed to load resource: the server responded with a status of 404 (Not Found) @ http://localhost:8081/meetings:0
[  287886ms] [ERROR] Failed to load resource: the server responded with a status of 404 (Not Found) @ http://localhost:3090/api/health:0
[  287886ms] [ERROR] Failed to load resource: the server responded with a status of 404 (Not Found) @ http://localhost:3090/ws:0
[  287887ms] [ERROR] Failed to load resource: the server responded with a status of 404 (Not Found) @ http://localhost:8081/meetings:0
[  288292ms] [ERROR] Failed to load resource: the server responded with a status of 404 (Not Found) @ http://localhost:3090/api/health:0
[  288293ms] [ERROR] Failed to load resource: the server responded with a status of 404 (Not Found) @ http://localhost:3090/ws:0
[  288294ms] [ERROR] Failed to load resource: the server responded with a status of 404 (Not Found) @ http://localhost:8081/meetings:0
[  288598ms] [ERROR] Failed to load resource: the server responded with a status of 404 (Not Found) @ http://localhost:3090/api/health:0
[  288598ms] [ERROR] Failed to load resource: the server responded with a status of 404 (Not Found) @ http://localhost:3090/ws:0
[  288600ms] [ERROR] Failed to load resource: the server responded with a status of 404 (Not Found) @ http://localhost:8081/meetings:0
[  288901ms] [ERROR] Failed to load resource: the server responded with a status of 404 (Not Found) @ http://localhost:3090/api/health:0
[  288902ms] [ERROR] Failed to load resource: the server responded with a status of 404 (Not Found) @ http://localhost:3090/ws:0
[  288903ms] [ERROR] Failed to load resource: the server responded with a status of 404 (Not Found) @ http://localhost:8081/meetings:0
[  289031ms] [ERROR] Failed to load resource: the server responded with a status of 404 (Not Found) @ http://localhost:3090/api/health:0
[  289045ms] [ERROR] Failed to load resource: the server responded with a status of 404 (Not Found) @ http://localhost:3090/ws:0
[  289046ms] [ERROR] Failed to load resource: the server responded with a status of 404 (Not Found) @ http://localhost:8081/meetings:0
[  289455ms] [ERROR] Failed to load resource: the server responded with a status of 404 (Not Found) @ http://localhost:3090/api/health:0
[  289456ms] [ERROR] Failed to load resource: the server responded with a status of 404 (Not Found) @ http://localhost:3090/ws:0
[  289456ms] [ERROR] Failed to load resource: the server responded with a status of 404 (Not Found) @ http://localhost:8081/meetings:0
[  289742ms] [ERROR] Failed to load resource: the server responded with a status of 404 (Not Found) @ http://localhost:3090/api/health:0
[  289742ms] [ERROR] Failed to load resource: the server responded with a status of 404 (Not Found) @ http://localhost:3090/ws:0
[  289752ms] [ERROR] Failed to load resource: the server responded with a status of 404 (Not Found) @ http://localhost:8081/meetings:0
[  290155ms] [ERROR] Failed to load resource: the server responded with a status of 404 (Not Found) @ http://localhost:3090/api/health:0
[  290155ms] [ERROR] Failed to load resource: the server responded with a status of 404 (Not Found) @ http://localhost:3090/ws:0
[  290156ms] [ERROR] Failed to load resource: the server responded with a status of 404 (Not Found) @ http://localhost:8081/meetings:0
[  290466ms] [ERROR] Failed to load resource: the server responded with a status of 404 (Not Found) @ http://localhost:3090/api/health:0
[  290466ms] [ERROR] Failed to load resource: the server responded with a status of 404 (Not Found) @ http://localhost:3090/ws:0
[  290473ms] [ERROR] Failed to load resource: the server responded with a status of 404 (Not Found) @ http://localhost:8081/meetings:0
[  291215ms] [ERROR] Failed to load resource: the server responded with a status of 404 (Not Found) @ http://localhost:3090/api/health:0
[  291215ms] [ERROR] Failed to load resource: the server responded with a status of 404 (Not Found) @ http://localhost:3090/ws:0
[  291215ms] [ERROR] Failed to load resource: the server responded with a status of 404 (Not Found) @ http://localhost:8081/meetings:0
[  291452ms] [ERROR] Failed to load resource: the server responded with a status of 404 (Not Found) @ http://localhost:3090/api/health:0
[  291452ms] [ERROR] Failed to load resource: the server responded with a status of 404 (Not Found) @ http://localhost:8081/meetings:0
[  291453ms] [ERROR] Failed to load resource: the server responded with a status of 404 (Not Found) @ http://localhost:3090/ws:0
[  291741ms] [ERROR] Failed to load resource: the server responded with a status of 404 (Not Found) @ http://localhost:3090/api/health:0
[  291742ms] [ERROR] Failed to load resource: the server responded with a status of 404 (Not Found) @ http://localhost:8081/meetings:0
[  291742ms] [ERROR] Failed to load resource: the server responded with a status of 404 (Not Found) @ http://localhost:3090/ws:0
[  292087ms] [ERROR] Failed to load resource: the server responded with a status of 404 (Not Found) @ http://localhost:3090/api/health:0
[  292088ms] [ERROR] Failed to load resource: the server responded with a status of 404 (Not Found) @ http://localhost:3090/ws:0
[  292089ms] [ERROR] Failed to load resource: the server responded with a status of 404 (Not Found) @ http://localhost:8081/meetings:0
[  292323ms] [ERROR] Failed to load resource: the server responded with a status of 404 (Not Found) @ http://localhost:3090/api/health:0
[  292323ms] [ERROR] Failed to load resource: the server responded with a status of 404 (Not Found) @ http://localhost:3090/ws:0
[  292334ms] [ERROR] Failed to load resource: the server responded with a status of 404 (Not Found) @ http://localhost:8081/meetings:0
[  292673ms] [ERROR] Failed to load resource: the server responded with a status of 404 (Not Found) @ http://localhost:3090/api/health:0
[  292674ms] [ERROR] Failed to load resource: the server responded with a status of 404 (Not Found) @ http://localhost:3090/ws:0
[  292675ms] [ERROR] Failed to load resource: the server responded with a status of 404 (Not Found) @ http://localhost:8081/meetings:0
[  292964ms] [ERROR] Failed to load resource: the server responded with a status of 404 (Not Found) @ http://localhost:3090/api/health:0
[  292964ms] [ERROR] Failed to load resource: the server responded with a status of 404 (Not Found) @ http://localhost:8081/meetings:0
[  292964ms] [ERROR] Failed to load resource: the server responded with a status of 404 (Not Found) @ http://localhost:3090/ws:0
[  293228ms] [ERROR] Failed to load resource: the server responded with a status of 404 (Not Found) @ http://localhost:3090/api/health:0
[  293229ms] [ERROR] Failed to load resource: the server responded with a status of 404 (Not Found) @ http://localhost:3090/ws:0
[  293229ms] [ERROR] Failed to load resource: the server responded with a status of 404 (Not Found) @ http://localhost:8081/meetings:0
[  293352ms] [ERROR] Failed to load resource: the server responded with a status of 404 (Not Found) @ http://localhost:3090/api/health:0
[  293353ms] [ERROR] Failed to load resource: the server responded with a status of 404 (Not Found) @ http://localhost:3090/ws:0
[  293363ms] [ERROR] Failed to load resource: the server responded with a status of 404 (Not Found) @ http://localhost:8081/meetings:0
[  293547ms] [ERROR] Failed to load resource: the server responded with a status of 404 (Not Found) @ http://localhost:3090/api/health:0
[  293547ms] [ERROR] Failed to load resource: the server responded with a status of 404 (Not Found) @ http://localhost:3090/ws:0
[  293558ms] [ERROR] Failed to load resource: the server responded with a status of 404 (Not Found) @ http://localhost:8081/meetings:0
[  293754ms] [ERROR] Failed to load resource: the server responded with a status of 404 (Not Found) @ http://localhost:3090/api/health:0
[  293755ms] [ERROR] Failed to load resource: the server responded with a status of 404 (Not Found) @ http://localhost:3090/ws:0
[  293757ms] [ERROR] Failed to load resource: the server responded with a status of 404 (Not Found) @ http://localhost:8081/meetings:0
[  293989ms] [ERROR] Failed to load resource: the server responded with a status of 404 (Not Found) @ http://localhost:3090/api/health:0
[  293989ms] [ERROR] Failed to load resource: the server responded with a status of 404 (Not Found) @ http://localhost:3090/ws:0
[  293990ms] [ERROR] Failed to load resource: the server responded with a status of 404 (Not Found) @ http://localhost:8081/meetings:0
[  294038ms] [ERROR] Failed to load resource: the server responded with a status of 404 (Not Found) @ http://localhost:3090/api/health:0
[  294039ms] [ERROR] Failed to load resource: the server responded with a status of 404 (Not Found) @ http://localhost:3090/ws:0
[  294039ms] [ERROR] Failed to load resource: the server responded with a status of 404 (Not Found) @ http://localhost:8081/meetings:0
[  294169ms] [ERROR] Failed to load resource: the server responded with a status of 404 (Not Found) @ http://localhost:3090/api/health:0
[  294169ms] [ERROR] Failed to load resource: the server responded with a status of 404 (Not Found) @ http://localhost:3090/ws:0
[  294169ms] [ERROR] Failed to load resource: the server responded with a status of 404 (Not Found) @ http://localhost:8081/meetings:0
[  294505ms] [ERROR] Failed to load resource: the server responded with a status of 404 (Not Found) @ http://localhost:3090/api/health:0
[  294505ms] [ERROR] Failed to load resource: the server responded with a status of 404 (Not Found) @ http://localhost:3090/ws:0
[  294505ms] [ERROR] Failed to load resource: the server responded with a status of 404 (Not Found) @ http://localhost:8081/meetings:0
[  294753ms] [ERROR] Failed to load resource: the server responded with a status of 404 (Not Found) @ http://localhost:3090/api/health:0
[  294753ms] [ERROR] Failed to load resource: the server responded with a status of 404 (Not Found) @ http://localhost:3090/ws:0
[  294754ms] [ERROR] Failed to load resource: the server responded with a status of 404 (Not Found) @ http://localhost:8081/meetings:0
[  294865ms] [ERROR] Failed to load resource: the server responded with a status of 404 (Not Found) @ http://localhost:3090/api/health:0
[  294866ms] [ERROR] Failed to load resource: the server responded with a status of 404 (Not Found) @ http://localhost:3090/ws:0
[  294877ms] [ERROR] Failed to load resource: the server responded with a status of 404 (Not Found) @ http://localhost:8081/meetings:0
[  295101ms] [ERROR] Failed to load resource: the server responded with a status of 404 (Not Found) @ http://localhost:3090/api/health:0
[  295101ms] [ERROR] Failed to load resource: the server responded with a status of 404 (Not Found) @ http://localhost:3090/ws:0
[  295101ms] [ERROR] Failed to load resource: the server responded with a status of 404 (Not Found) @ http://localhost:8081/meetings:0
[  295174ms] [ERROR] Failed to load resource: the server responded with a status of 404 (Not Found) @ http://localhost:3090/api/health:0
[  295175ms] [ERROR] Failed to load resource: the server responded with a status of 404 (Not Found) @ http://localhost:3090/ws:0
[  295175ms] [ERROR] Failed to load resource: the server responded with a status of 404 (Not Found) @ http://localhost:8081/meetings:0
[  295581ms] [ERROR] Failed to load resource: the server responded with a status of 404 (Not Found) @ http://localhost:3090/api/health:0
[  295582ms] [ERROR] Failed to load resource: the server responded with a status of 404 (Not Found) @ http://localhost:3090/ws:0
[  295583ms] [ERROR] Failed to load resource: the server responded with a status of 404 (Not Found) @ http://localhost:8081/meetings:0
[  295789ms] [ERROR] Failed to load resource: the server responded with a status of 404 (Not Found) @ http://localhost:3090/api/health:0
[  295790ms] [ERROR] Failed to load resource: the server responded with a status of 404 (Not Found) @ http://localhost:3090/ws:0
[  295790ms] [ERROR] Failed to load resource: the server responded with a status of 404 (Not Found) @ http://localhost:8081/meetings:0
[  295956ms] [ERROR] Failed to load resource: the server responded with a status of 404 (Not Found) @ http://localhost:3090/api/health:0
[  295956ms] [ERROR] Failed to load resource: the server responded with a status of 404 (Not Found) @ http://localhost:3090/ws:0
[  295956ms] [ERROR] Failed to load resource: the server responded with a status of 404 (Not Found) @ http://localhost:8081/meetings:0
[  296153ms] [ERROR] Failed to load resource: the server responded with a status of 404 (Not Found) @ http://localhost:3090/api/health:0
[  296153ms] [ERROR] Failed to load resource: the server responded with a status of 404 (Not Found) @ http://localhost:3090/ws:0
[  296154ms] [ERROR] Failed to load resource: the server responded with a status of 404 (Not Found) @ http://localhost:8081/meetings:0
[  296201ms] [ERROR] Failed to load resource: the server responded with a status of 404 (Not Found) @ http://localhost:3090/api/health:0
[  296201ms] [ERROR] Failed to load resource: the server responded with a status of 404 (Not Found) @ http://localhost:3090/ws:0
[  296201ms] [ERROR] Failed to load resource: the server responded with a status of 404 (Not Found) @ http://localhost:8081/meetings:0
[  296304ms] [ERROR] Failed to load resource: the server responded with a status of 404 (Not Found) @ http://localhost:3090/api/health:0
[  296304ms] [ERROR] Failed to load resource: the server responded with a status of 404 (Not Found) @ http://localhost:3090/ws:0
[  296304ms] [ERROR] Failed to load resource: the server responded with a status of 404 (Not Found) @ http://localhost:8081/meetings:0
[  296653ms] [ERROR] Failed to load resource: the server responded with a status of 404 (Not Found) @ http://localhost:3090/api/health:0
[  296654ms] [ERROR] Failed to load resource: the server responded with a status of 404 (Not Found) @ http://localhost:3090/ws:0
[  296654ms] [ERROR] Failed to load resource: the server responded with a status of 404 (Not Found) @ http://localhost:8081/meetings:0
[  296892ms] [ERROR] Failed to load resource: the server responded with a status of 404 (Not Found) @ http://localhost:3090/api/health:0
[  296892ms] [ERROR] Failed to load resource: the server responded with a status of 404 (Not Found) @ http://localhost:3090/ws:0
[  296893ms] [ERROR] Failed to load resource: the server responded with a status of 404 (Not Found) @ http://localhost:8081/meetings:0
[  297025ms] [ERROR] Failed to load resource: the server responded with a status of 404 (Not Found) @ http://localhost:3090/api/health:0
[  297025ms] [ERROR] Failed to load resource: the server responded with a status of 404 (Not Found) @ http://localhost:3090/ws:0
[  297025ms] [ERROR] Failed to load resource: the server responded with a status of 404 (Not Found) @ http://localhost:8081/meetings:0
[  297229ms] [ERROR] Failed to load resource: the server responded with a status of 404 (Not Found) @ http://localhost:3090/api/health:0
[  297230ms] [ERROR] Failed to load resource: the server responded with a status of 404 (Not Found) @ http://localhost:8081/meetings:0
[  297231ms] [ERROR] Failed to load resource: the server responded with a status of 404 (Not Found) @ http://localhost:3090/ws:0
[  297282ms] [ERROR] Failed to load resource: the server responded with a status of 404 (Not Found) @ http://localhost:3090/api/health:0
[  297282ms] [ERROR] Failed to load resource: the server responded with a status of 404 (Not Found) @ http://localhost:3090/ws:0
[  297282ms] [ERROR] Failed to load resource: the server responded with a status of 404 (Not Found) @ http://localhost:8081/meetings:0
[  297429ms] [ERROR] Failed to load resource: the server responded with a status of 404 (Not Found) @ http://localhost:3090/api/health:0
[  297429ms] [ERROR] Failed to load resource: the server responded with a status of 404 (Not Found) @ http://localhost:3090/ws:0
[  297430ms] [ERROR] Failed to load resource: the server responded with a status of 404 (Not Found) @ http://localhost:8081/meetings:0
[  297866ms] [ERROR] Failed to load resource: the server responded with a status of 404 (Not Found) @ http://localhost:3090/api/health:0
[  297867ms] [ERROR] Failed to load resource: the server responded with a status of 404 (Not Found) @ http://localhost:3090/ws:0
[  297867ms] [ERROR] Failed to load resource: the server responded with a status of 404 (Not Found) @ http://localhost:8081/meetings:0
[  298184ms] [ERROR] Failed to load resource: the server responded with a status of 404 (Not Found) @ http://localhost:3090/api/health:0
[  298184ms] [ERROR] Failed to load resource: the server responded with a status of 404 (Not Found) @ http://localhost:3090/ws:0
[  298184ms] [ERROR] Failed to load resource: the server responded with a status of 404 (Not Found) @ http://localhost:8081/meetings:0
[  298386ms] [ERROR] Failed to load resource: the server responded with a status of 404 (Not Found) @ http://localhost:3090/api/health:0
[  298387ms] [ERROR] Failed to load resource: the server responded with a status of 404 (Not Found) @ http://localhost:3090/ws:0
[  298388ms] [ERROR] Failed to load resource: the server responded with a status of 404 (Not Found) @ http://localhost:8081/meetings:0
[  298716ms] [ERROR] Failed to load resource: the server responded with a status of 404 (Not Found) @ http://localhost:3090/api/health:0
[  298718ms] [ERROR] Failed to load resource: the server responded with a status of 404 (Not Found) @ http://localhost:3090/ws:0
[  298719ms] [ERROR] Failed to load resource: the server responded with a status of 404 (Not Found) @ http://localhost:8081/meetings:0
[  298933ms] [ERROR] Failed to load resource: the server responded with a status of 404 (Not Found) @ http://localhost:3090/api/health:0
[  298933ms] [ERROR] Failed to load resource: the server responded with a status of 404 (Not Found) @ http://localhost:3090/ws:0
[  298934ms] [ERROR] Failed to load resource: the server responded with a status of 404 (Not Found) @ http://localhost:8081/meetings:0
[  299191ms] [ERROR] Failed to load resource: the server responded with a status of 404 (Not Found) @ http://localhost:3090/api/health:0
[  299191ms] [ERROR] Failed to load resource: the server responded with a status of 404 (Not Found) @ http://localhost:3090/ws:0
[  299191ms] [ERROR] Failed to load resource: the server responded with a status of 404 (Not Found) @ http://localhost:8081/meetings:0
[  299674ms] [ERROR] Failed to load resource: the server responded with a status of 404 (Not Found) @ http://localhost:3090/api/health:0
[  299675ms] [ERROR] Failed to load resource: the server responded with a status of 404 (Not Found) @ http://localhost:3090/ws:0
[  299691ms] [ERROR] Failed to load resource: the server responded with a status of 404 (Not Found) @ http://localhost:8081/meetings:0
[  299959ms] [ERROR] Failed to load resource: the server responded with a status of 404 (Not Found) @ http://localhost:3090/api/health:0
[  299959ms] [ERROR] Failed to load resource: the server responded with a status of 404 (Not Found) @ http://localhost:3090/ws:0
[  299960ms] [ERROR] Failed to load resource: the server responded with a status of 404 (Not Found) @ http://localhost:8081/meetings:0
[  300203ms] [ERROR] Failed to load resource: the server responded with a status of 404 (Not Found) @ http://localhost:3090/api/health:0
[  300203ms] [ERROR] Failed to load resource: the server responded with a status of 404 (Not Found) @ http://localhost:3090/ws:0
[  300203ms] [ERROR] Failed to load resource: the server responded with a status of 404 (Not Found) @ http://localhost:8081/meetings:0
[  300446ms] [ERROR] Failed to load resource: the server responded with a status of 404 (Not Found) @ http://localhost:3090/api/health:0
[  300446ms] [ERROR] Failed to load resource: the server responded with a status of 404 (Not Found) @ http://localhost:3090/ws:0
[  300446ms] [ERROR] Failed to load resource: the server responded with a status of 404 (Not Found) @ http://localhost:8081/meetings:0
[  300566ms] [ERROR] Failed to load resource: the server responded with a status of 404 (Not Found) @ http://localhost:3090/api/health:0
[  300579ms] [ERROR] Failed to load resource: the server responded with a status of 404 (Not Found) @ http://localhost:3090/ws:0
[  300580ms] [ERROR] Failed to load resource: the server responded with a status of 404 (Not Found) @ http://localhost:8081/meetings:0
[  300703ms] [ERROR] Failed to load resource: the server responded with a status of 404 (Not Found) @ http://localhost:8081/meetings:0
[  300703ms] [ERROR] Failed to load resource: the server responded with a status of 404 (Not Found) @ http://localhost:3090/api/health:0
[  300703ms] [ERROR] Failed to load resource: the server responded with a status of 404 (Not Found) @ http://localhost:3090/ws:0
[  300811ms] [ERROR] Failed to load resource: the server responded with a status of 404 (Not Found) @ http://localhost:3090/api/health:0
[  300811ms] [ERROR] Failed to load resource: the server responded with a status of 404 (Not Found) @ http://localhost:3090/ws:0
[  300812ms] [ERROR] Failed to load resource: the server responded with a status of 404 (Not Found) @ http://localhost:8081/meetings:0
[  301151ms] [ERROR] Failed to load resource: the server responded with a status of 404 (Not Found) @ http://localhost:3090/api/health:0
[  301152ms] [ERROR] Failed to load resource: the server responded with a status of 404 (Not Found) @ http://localhost:3090/ws:0
[  301152ms] [ERROR] Failed to load resource: the server responded with a status of 404 (Not Found) @ http://localhost:8081/meetings:0
[  301455ms] [ERROR] Failed to load resource: the server responded with a status of 404 (Not Found) @ http://localhost:3090/api/health:0
[  301455ms] [ERROR] Failed to load resource: the server responded with a status of 404 (Not Found) @ http://localhost:3090/ws:0
[  301455ms] [ERROR] Failed to load resource: the server responded with a status of 404 (Not Found) @ http://localhost:8081/meetings:0
[  301573ms] [ERROR] Failed to load resource: the server responded with a status of 404 (Not Found) @ http://localhost:3090/api/health:0
[  301573ms] [ERROR] Failed to load resource: the server responded with a status of 404 (Not Found) @ http://localhost:3090/ws:0
[  301574ms] [ERROR] Failed to load resource: the server responded with a status of 404 (Not Found) @ http://localhost:8081/meetings:0
[  301798ms] [ERROR] Failed to load resource: the server responded with a status of 404 (Not Found) @ http://localhost:3090/api/health:0
[  301798ms] [ERROR] Failed to load resource: the server responded with a status of 404 (Not Found) @ http://localhost:3090/ws:0
[  301799ms] [ERROR] Failed to load resource: the server responded with a status of 404 (Not Found) @ http://localhost:8081/meetings:0
[  301849ms] [ERROR] Failed to load resource: the server responded with a status of 404 (Not Found) @ http://localhost:3090/api/health:0
[  301850ms] [ERROR] Failed to load resource: the server responded with a status of 404 (Not Found) @ http://localhost:3090/ws:0
[  301850ms] [ERROR] Failed to load resource: the server responded with a status of 404 (Not Found) @ http://localhost:8081/meetings:0
[  302421ms] [ERROR] Failed to load resource: the server responded with a status of 404 (Not Found) @ http://localhost:3090/api/health:0
[  302421ms] [ERROR] Failed to load resource: the server responded with a status of 404 (Not Found) @ http://localhost:3090/ws:0
[  302422ms] [ERROR] Failed to load resource: the server responded with a status of 404 (Not Found) @ http://localhost:8081/meetings:0
[  302685ms] [ERROR] Failed to load resource: the server responded with a status of 404 (Not Found) @ http://localhost:3090/api/health:0
[  302685ms] [ERROR] Failed to load resource: the server responded with a status of 404 (Not Found) @ http://localhost:3090/ws:0
[  302685ms] [ERROR] Failed to load resource: the server responded with a status of 404 (Not Found) @ http://localhost:8081/meetings:0
[  302803ms] [ERROR] Failed to load resource: the server responded with a status of 404 (Not Found) @ http://localhost:3090/api/health:0
[  302814ms] [ERROR] Failed to load resource: the server responded with a status of 404 (Not Found) @ http://localhost:3090/ws:0
[  302815ms] [ERROR] Failed to load resource: the server responded with a status of 404 (Not Found) @ http://localhost:8081/meetings:0
[  303013ms] [ERROR] Failed to load resource: the server responded with a status of 404 (Not Found) @ http://localhost:3090/api/health:0
[  303014ms] [ERROR] Failed to load resource: the server responded with a status of 404 (Not Found) @ http://localhost:3090/ws:0
[  303015ms] [ERROR] Failed to load resource: the server responded with a status of 404 (Not Found) @ http://localhost:8081/meetings:0
[  303086ms] [ERROR] Failed to load resource: the server responded with a status of 404 (Not Found) @ http://localhost:3090/api/health:0
[  303086ms] [ERROR] Failed to load resource: the server responded with a status of 404 (Not Found) @ http://localhost:8081/meetings:0
[  303087ms] [ERROR] Failed to load resource: the server responded with a status of 404 (Not Found) @ http://localhost:3090/ws:0
[  303376ms] [ERROR] Failed to load resource: the server responded with a status of 404 (Not Found) @ http://localhost:3090/api/health:0
[  303378ms] [ERROR] Failed to load resource: the server responded with a status of 404 (Not Found) @ http://localhost:3090/ws:0
[  303378ms] [ERROR] Failed to load resource: the server responded with a status of 404 (Not Found) @ http://localhost:8081/meetings:0
[  303648ms] [ERROR] Failed to load resource: the server responded with a status of 404 (Not Found) @ http://localhost:3090/api/health:0
[  303649ms] [ERROR] Failed to load resource: the server responded with a status of 404 (Not Found) @ http://localhost:3090/ws:0
[  303649ms] [ERROR] Failed to load resource: the server responded with a status of 404 (Not Found) @ http://localhost:8081/meetings:0
[  303937ms] [ERROR] Failed to load resource: the server responded with a status of 404 (Not Found) @ http://localhost:3090/api/health:0
[  303937ms] [ERROR] Failed to load resource: the server responded with a status of 404 (Not Found) @ http://localhost:3090/ws:0
[  303938ms] [ERROR] Failed to load resource: the server responded with a status of 404 (Not Found) @ http://localhost:8081/meetings:0
[  304085ms] [ERROR] Failed to load resource: the server responded with a status of 404 (Not Found) @ http://localhost:3090/api/health:0
[  304085ms] [ERROR] Failed to load resource: the server responded with a status of 404 (Not Found) @ http://localhost:3090/ws:0
[  304086ms] [ERROR] Failed to load resource: the server responded with a status of 404 (Not Found) @ http://localhost:8081/meetings:0
[  304210ms] [ERROR] Failed to load resource: the server responded with a status of 404 (Not Found) @ http://localhost:3090/api/health:0
[  304210ms] [ERROR] Failed to load resource: the server responded with a status of 404 (Not Found) @ http://localhost:3090/ws:0
[  304210ms] [ERROR] Failed to load resource: the server responded with a status of 404 (Not Found) @ http://localhost:8081/meetings:0
[  304462ms] [ERROR] Failed to load resource: the server responded with a status of 404 (Not Found) @ http://localhost:3090/api/health:0
[  304472ms] [ERROR] Failed to load resource: the server responded with a status of 404 (Not Found) @ http://localhost:3090/ws:0
[  304473ms] [ERROR] Failed to load resource: the server responded with a status of 404 (Not Found) @ http://localhost:8081/meetings:0
[  304693ms] [ERROR] Failed to load resource: the server responded with a status of 404 (Not Found) @ http://localhost:3090/api/health:0
[  304693ms] [ERROR] Failed to load resource: the server responded with a status of 404 (Not Found) @ http://localhost:3090/ws:0
[  304693ms] [ERROR] Failed to load resource: the server responded with a status of 404 (Not Found) @ http://localhost:8081/meetings:0
[  304806ms] [ERROR] Failed to load resource: the server responded with a status of 404 (Not Found) @ http://localhost:3090/api/health:0
[  304807ms] [ERROR] Failed to load resource: the server responded with a status of 404 (Not Found) @ http://localhost:3090/ws:0
[  304818ms] [ERROR] Failed to load resource: the server responded with a status of 404 (Not Found) @ http://localhost:8081/meetings:0
[  305077ms] [ERROR] Failed to load resource: the server responded with a status of 404 (Not Found) @ http://localhost:3090/api/health:0
[  305077ms] [ERROR] Failed to load resource: the server responded with a status of 404 (Not Found) @ http://localhost:3090/ws:0
[  305077ms] [ERROR] Failed to load resource: the server responded with a status of 404 (Not Found) @ http://localhost:8081/meetings:0
[  305145ms] [ERROR] Failed to load resource: the server responded with a status of 404 (Not Found) @ http://localhost:3090/api/health:0
[  305145ms] [ERROR] Failed to load resource: the server responded with a status of 404 (Not Found) @ http://localhost:3090/ws:0
[  305146ms] [ERROR] Failed to load resource: the server responded with a status of 404 (Not Found) @ http://localhost:8081/meetings:0
[  305225ms] [ERROR] Failed to load resource: the server responded with a status of 404 (Not Found) @ http://localhost:3090/api/health:0
[  305226ms] [ERROR] Failed to load resource: the server responded with a status of 404 (Not Found) @ http://localhost:3090/ws:0
[  305227ms] [ERROR] Failed to load resource: the server responded with a status of 404 (Not Found) @ http://localhost:8081/meetings:0
[  305614ms] [ERROR] Failed to load resource: the server responded with a status of 404 (Not Found) @ http://localhost:3090/api/health:0
[  305615ms] [ERROR] Failed to load resource: the server responded with a status of 404 (Not Found) @ http://localhost:3090/ws:0
[  305616ms] [ERROR] Failed to load resource: the server responded with a status of 404 (Not Found) @ http://localhost:8081/meetings:0
[  305829ms] [ERROR] Failed to load resource: the server responded with a status of 404 (Not Found) @ http://localhost:3090/api/health:0
[  305829ms] [ERROR] Failed to load resource: the server responded with a status of 404 (Not Found) @ http://localhost:3090/ws:0
[  305829ms] [ERROR] Failed to load resource: the server responded with a status of 404 (Not Found) @ http://localhost:8081/meetings:0
[  306079ms] [ERROR] Failed to load resource: the server responded with a status of 404 (Not Found) @ http://localhost:3090/api/health:0
[  306080ms] [ERROR] Failed to load resource: the server responded with a status of 404 (Not Found) @ http://localhost:3090/ws:0
[  306080ms] [ERROR] Failed to load resource: the server responded with a status of 404 (Not Found) @ http://localhost:8081/meetings:0
[  306193ms] [ERROR] Failed to load resource: the server responded with a status of 404 (Not Found) @ http://localhost:3090/api/health:0
[  306194ms] [ERROR] Failed to load resource: the server responded with a status of 404 (Not Found) @ http://localhost:3090/ws:0
[  306194ms] [ERROR] Failed to load resource: the server responded with a status of 404 (Not Found) @ http://localhost:8081/meetings:0
[  306274ms] [ERROR] Failed to load resource: the server responded with a status of 404 (Not Found) @ http://localhost:3090/api/health:0
[  306274ms] [ERROR] Failed to load resource: the server responded with a status of 404 (Not Found) @ http://localhost:3090/ws:0
[  306275ms] [ERROR] Failed to load resource: the server responded with a status of 404 (Not Found) @ http://localhost:8081/meetings:0
[  306583ms] [ERROR] Failed to load resource: the server responded with a status of 404 (Not Found) @ http://localhost:3090/api/health:0
[  306584ms] [ERROR] Failed to load resource: the server responded with a status of 404 (Not Found) @ http://localhost:3090/ws:0
[  306599ms] [ERROR] Failed to load resource: the server responded with a status of 404 (Not Found) @ http://localhost:8081/meetings:0
[  306812ms] [ERROR] Failed to load resource: the server responded with a status of 404 (Not Found) @ http://localhost:3090/api/health:0
[  306812ms] [ERROR] Failed to load resource: the server responded with a status of 404 (Not Found) @ http://localhost:3090/ws:0
[  306813ms] [ERROR] Failed to load resource: the server responded with a status of 404 (Not Found) @ http://localhost:8081/meetings:0
[  306983ms] [ERROR] Failed to load resource: the server responded with a status of 404 (Not Found) @ http://localhost:8081/meetings:0
[  306983ms] [ERROR] Failed to load resource: the server responded with a status of 404 (Not Found) @ http://localhost:3090/api/health:0
[  306983ms] [ERROR] Failed to load resource: the server responded with a status of 404 (Not Found) @ http://localhost:3090/ws:0
[  307159ms] [ERROR] Failed to load resource: the server responded with a status of 404 (Not Found) @ http://localhost:3090/api/health:0
[  307160ms] [ERROR] Failed to load resource: the server responded with a status of 404 (Not Found) @ http://localhost:3090/ws:0
[  307160ms] [ERROR] Failed to load resource: the server responded with a status of 404 (Not Found) @ http://localhost:8081/meetings:0
[  307204ms] [ERROR] Failed to load resource: the server responded with a status of 404 (Not Found) @ http://localhost:3090/api/health:0
[  307205ms] [ERROR] Failed to load resource: the server responded with a status of 404 (Not Found) @ http://localhost:3090/ws:0
[  307205ms] [ERROR] Failed to load resource: the server responded with a status of 404 (Not Found) @ http://localhost:8081/meetings:0
[  307343ms] [ERROR] Failed to load resource: the server responded with a status of 404 (Not Found) @ http://localhost:3090/api/health:0
[  307344ms] [ERROR] Failed to load resource: the server responded with a status of 404 (Not Found) @ http://localhost:3090/ws:0
[  307344ms] [ERROR] Failed to load resource: the server responded with a status of 404 (Not Found) @ http://localhost:8081/meetings:0
[  307685ms] [ERROR] Failed to load resource: the server responded with a status of 404 (Not Found) @ http://localhost:3090/api/health:0
[  307685ms] [ERROR] Failed to load resource: the server responded with a status of 404 (Not Found) @ http://localhost:3090/ws:0
[  307685ms] [ERROR] Failed to load resource: the server responded with a status of 404 (Not Found) @ http://localhost:8081/meetings:0
[  307917ms] [ERROR] Failed to load resource: the server responded with a status of 404 (Not Found) @ http://localhost:3090/api/health:0
[  307917ms] [ERROR] Failed to load resource: the server responded with a status of 404 (Not Found) @ http://localhost:3090/ws:0
[  307917ms] [ERROR] Failed to load resource: the server responded with a status of 404 (Not Found) @ http://localhost:8081/meetings:0
[  308169ms] [ERROR] Failed to load resource: the server responded with a status of 404 (Not Found) @ http://localhost:3090/api/health:0
[  308170ms] [ERROR] Failed to load resource: the server responded with a status of 404 (Not Found) @ http://localhost:3090/ws:0
[  308170ms] [ERROR] Failed to load resource: the server responded with a status of 404 (Not Found) @ http://localhost:8081/meetings:0
[  308265ms] [ERROR] Failed to load resource: the server responded with a status of 404 (Not Found) @ http://localhost:3090/api/health:0
[  308265ms] [ERROR] Failed to load resource: the server responded with a status of 404 (Not Found) @ http://localhost:3090/ws:0
[  308266ms] [ERROR] Failed to load resource: the server responded with a status of 404 (Not Found) @ http://localhost:8081/meetings:0
[  308363ms] [ERROR] Failed to load resource: the server responded with a status of 404 (Not Found) @ http://localhost:3090/api/health:0
[  308363ms] [ERROR] Failed to load resource: the server responded with a status of 404 (Not Found) @ http://localhost:3090/ws:0
[  308364ms] [ERROR] Failed to load resource: the server responded with a status of 404 (Not Found) @ http://localhost:8081/meetings:0
[  308738ms] [ERROR] Failed to load resource: the server responded with a status of 404 (Not Found) @ http://localhost:3090/api/health:0
[  308738ms] [ERROR] Failed to load resource: the server responded with a status of 404 (Not Found) @ http://localhost:3090/ws:0
[  308739ms] [ERROR] Failed to load resource: the server responded with a status of 404 (Not Found) @ http://localhost:8081/meetings:0
[  308963ms] [ERROR] Failed to load resource: the server responded with a status of 404 (Not Found) @ http://localhost:3090/api/health:0
[  308963ms] [ERROR] Failed to load resource: the server responded with a status of 404 (Not Found) @ http://localhost:3090/ws:0
[  308963ms] [ERROR] Failed to load resource: the server responded with a status of 404 (Not Found) @ http://localhost:8081/meetings:0
[  309056ms] [ERROR] Failed to load resource: the server responded with a status of 404 (Not Found) @ http://localhost:3090/api/health:0
[  309057ms] [ERROR] Failed to load resource: the server responded with a status of 404 (Not Found) @ http://localhost:3090/ws:0
[  309057ms] [ERROR] Failed to load resource: the server responded with a status of 404 (Not Found) @ http://localhost:8081/meetings:0
[  309236ms] [ERROR] Failed to load resource: the server responded with a status of 404 (Not Found) @ http://localhost:3090/api/health:0
[  309237ms] [ERROR] Failed to load resource: the server responded with a status of 404 (Not Found) @ http://localhost:8081/meetings:0
[  309237ms] [ERROR] Failed to load resource: the server responded with a status of 404 (Not Found) @ http://localhost:3090/ws:0
[  309267ms] [ERROR] Failed to load resource: the server responded with a status of 404 (Not Found) @ http://localhost:3090/api/health:0
[  309267ms] [ERROR] Failed to load resource: the server responded with a status of 404 (Not Found) @ http://localhost:3090/ws:0
[  309274ms] [ERROR] Failed to load resource: the server responded with a status of 404 (Not Found) @ http://localhost:8081/meetings:0
[  309377ms] [ERROR] Failed to load resource: the server responded with a status of 404 (Not Found) @ http://localhost:3090/api/health:0
[  309377ms] [ERROR] Failed to load resource: the server responded with a status of 404 (Not Found) @ http://localhost:3090/ws:0
[  309377ms] [ERROR] Failed to load resource: the server responded with a status of 404 (Not Found) @ http://localhost:8081/meetings:0
[  309680ms] [ERROR] Failed to load resource: the server responded with a status of 404 (Not Found) @ http://localhost:3090/api/health:0
[  309680ms] [ERROR] Failed to load resource: the server responded with a status of 404 (Not Found) @ http://localhost:3090/ws:0
[  309680ms] [ERROR] Failed to load resource: the server responded with a status of 404 (Not Found) @ http://localhost:8081/meetings:0
[  310283ms] [ERROR] Failed to load resource: the server responded with a status of 404 (Not Found) @ http://localhost:3090/api/health:0
[  310284ms] [ERROR] Failed to load resource: the server responded with a status of 404 (Not Found) @ http://localhost:3090/ws:0
[  310284ms] [ERROR] Failed to load resource: the server responded with a status of 404 (Not Found) @ http://localhost:8081/meetings:0
[  310802ms] [ERROR] Failed to load resource: the server responded with a status of 404 (Not Found) @ http://localhost:3090/api/health:0
[  310802ms] [ERROR] Failed to load resource: the server responded with a status of 404 (Not Found) @ http://localhost:3090/ws:0
[  310802ms] [ERROR] Failed to load resource: the server responded with a status of 404 (Not Found) @ http://localhost:8081/meetings:0
[  311122ms] [ERROR] Failed to load resource: the server responded with a status of 404 (Not Found) @ http://localhost:3090/api/health:0
[  311122ms] [ERROR] Failed to load resource: the server responded with a status of 404 (Not Found) @ http://localhost:3090/ws:0
[  311122ms] [ERROR] Failed to load resource: the server responded with a status of 404 (Not Found) @ http://localhost:8081/meetings:0
[  311292ms] [ERROR] Failed to load resource: the server responded with a status of 404 (Not Found) @ http://localhost:3090/api/health:0
[  311293ms] [ERROR] Failed to load resource: the server responded with a status of 404 (Not Found) @ http://localhost:3090/ws:0
[  311293ms] [ERROR] Failed to load resource: the server responded with a status of 404 (Not Found) @ http://localhost:8081/meetings:0
[  311368ms] [ERROR] Failed to load resource: the server responded with a status of 404 (Not Found) @ http://localhost:3090/api/health:0
[  311368ms] [ERROR] Failed to load resource: the server responded with a status of 404 (Not Found) @ http://localhost:3090/ws:0
[  311369ms] [ERROR] Failed to load resource: the server responded with a status of 404 (Not Found) @ http://localhost:8081/meetings:0
[  311426ms] [ERROR] Failed to load resource: the server responded with a status of 404 (Not Found) @ http://localhost:3090/api/health:0
[  311427ms] [ERROR] Failed to load resource: the server responded with a status of 404 (Not Found) @ http://localhost:3090/ws:0
[  311427ms] [ERROR] Failed to load resource: the server responded with a status of 404 (Not Found) @ http://localhost:8081/meetings:0
[  311548ms] [ERROR] Failed to load resource: the server responded with a status of 404 (Not Found) @ http://localhost:3090/api/health:0
[  311548ms] [ERROR] Failed to load resource: the server responded with a status of 404 (Not Found) @ http://localhost:3090/ws:0
[  311548ms] [ERROR] Failed to load resource: the server responded with a status of 404 (Not Found) @ http://localhost:8081/meetings:0
[  311847ms] [ERROR] Failed to load resource: the server responded with a status of 404 (Not Found) @ http://localhost:3090/api/health:0
[  311848ms] [ERROR] Failed to load resource: the server responded with a status of 404 (Not Found) @ http://localhost:3090/ws:0
[  311848ms] [ERROR] Failed to load resource: the server responded with a status of 404 (Not Found) @ http://localhost:8081/meetings:0
[  312041ms] [ERROR] Failed to load resource: the server responded with a status of 404 (Not Found) @ http://localhost:3090/api/health:0
[  312041ms] [ERROR] Failed to load resource: the server responded with a status of 404 (Not Found) @ http://localhost:3090/ws:0
[  312041ms] [ERROR] Failed to load resource: the server responded with a status of 404 (Not Found) @ http://localhost:8081/meetings:0
[  312143ms] [ERROR] Failed to load resource: the server responded with a status of 404 (Not Found) @ http://localhost:3090/api/health:0
[  312143ms] [ERROR] Failed to load resource: the server responded with a status of 404 (Not Found) @ http://localhost:3090/ws:0
[  312151ms] [ERROR] Failed to load resource: the server responded with a status of 404 (Not Found) @ http://localhost:8081/meetings:0
[  312307ms] [ERROR] Failed to load resource: the server responded with a status of 404 (Not Found) @ http://localhost:3090/api/health:0
[  312307ms] [ERROR] Failed to load resource: the server responded with a status of 404 (Not Found) @ http://localhost:3090/ws:0
[  312308ms] [ERROR] Failed to load resource: the server responded with a status of 404 (Not Found) @ http://localhost:8081/meetings:0
[  312338ms] [ERROR] Failed to load resource: the server responded with a status of 404 (Not Found) @ http://localhost:3090/api/health:0
[  312338ms] [ERROR] Failed to load resource: the server responded with a status of 404 (Not Found) @ http://localhost:3090/ws:0
[  312338ms] [ERROR] Failed to load resource: the server responded with a status of 404 (Not Found) @ http://localhost:8081/meetings:0
[  312449ms] [ERROR] Failed to load resource: the server responded with a status of 404 (Not Found) @ http://localhost:3090/api/health:0
[  312449ms] [ERROR] Failed to load resource: the server responded with a status of 404 (Not Found) @ http://localhost:3090/ws:0
[  312449ms] [ERROR] Failed to load resource: the server responded with a status of 404 (Not Found) @ http://localhost:8081/meetings:0
[  312635ms] [ERROR] Failed to load resource: the server responded with a status of 404 (Not Found) @ http://localhost:3090/api/health:0
[  312636ms] [ERROR] Failed to load resource: the server responded with a status of 404 (Not Found) @ http://localhost:3090/ws:0
[  312636ms] [ERROR] Failed to load resource: the server responded with a status of 404 (Not Found) @ http://localhost:8081/meetings:0
[  312909ms] [ERROR] Failed to load resource: the server responded with a status of 404 (Not Found) @ http://localhost:3090/api/health:0
[  312909ms] [ERROR] Failed to load resource: the server responded with a status of 404 (Not Found) @ http://localhost:3090/ws:0
[  312909ms] [ERROR] Failed to load resource: the server responded with a status of 404 (Not Found) @ http://localhost:8081/meetings:0
[  313099ms] [ERROR] Failed to load resource: the server responded with a status of 404 (Not Found) @ http://localhost:3090/api/health:0
[  313099ms] [ERROR] Failed to load resource: the server responded with a status of 404 (Not Found) @ http://localhost:3090/ws:0
[  313100ms] [ERROR] Failed to load resource: the server responded with a status of 404 (Not Found) @ http://localhost:8081/meetings:0
[  313208ms] [ERROR] Failed to load resource: the server responded with a status of 404 (Not Found) @ http://localhost:3090/api/health:0
[  313208ms] [ERROR] Failed to load resource: the server responded with a status of 404 (Not Found) @ http://localhost:3090/ws:0
[  313208ms] [ERROR] Failed to load resource: the server responded with a status of 404 (Not Found) @ http://localhost:8081/meetings:0
[  313411ms] [ERROR] Failed to load resource: the server responded with a status of 404 (Not Found) @ http://localhost:3090/api/health:0
[  313411ms] [ERROR] Failed to load resource: the server responded with a status of 404 (Not Found) @ http://localhost:3090/ws:0
[  313411ms] [ERROR] Failed to load resource: the server responded with a status of 404 (Not Found) @ http://localhost:8081/meetings:0
[  313469ms] [ERROR] Failed to load resource: the server responded with a status of 404 (Not Found) @ http://localhost:3090/api/health:0
[  313469ms] [ERROR] Failed to load resource: the server responded with a status of 404 (Not Found) @ http://localhost:3090/ws:0
[  313470ms] [ERROR] Failed to load resource: the server responded with a status of 404 (Not Found) @ http://localhost:8081/meetings:0
[  313545ms] [ERROR] Failed to load resource: the server responded with a status of 404 (Not Found) @ http://localhost:3090/api/health:0
[  313546ms] [ERROR] Failed to load resource: the server responded with a status of 404 (Not Found) @ http://localhost:3090/ws:0
[  313546ms] [ERROR] Failed to load resource: the server responded with a status of 404 (Not Found) @ http://localhost:8081/meetings:0
[  313684ms] [ERROR] Failed to load resource: the server responded with a status of 404 (Not Found) @ http://localhost:3090/api/health:0
[  313693ms] [ERROR] Failed to load resource: the server responded with a status of 404 (Not Found) @ http://localhost:3090/ws:0
[  313693ms] [ERROR] Failed to load resource: the server responded with a status of 404 (Not Found) @ http://localhost:8081/meetings:0
[  313976ms] [ERROR] Failed to load resource: the server responded with a status of 404 (Not Found) @ http://localhost:3090/api/health:0
[  313976ms] [ERROR] Failed to load resource: the server responded with a status of 404 (Not Found) @ http://localhost:3090/ws:0
[  313976ms] [ERROR] Failed to load resource: the server responded with a status of 404 (Not Found) @ http://localhost:8081/meetings:0
[  314167ms] [ERROR] Failed to load resource: the server responded with a status of 404 (Not Found) @ http://localhost:3090/api/health:0
[  314167ms] [ERROR] Failed to load resource: the server responded with a status of 404 (Not Found) @ http://localhost:3090/ws:0
[  314168ms] [ERROR] Failed to load resource: the server responded with a status of 404 (Not Found) @ http://localhost:8081/meetings:0
[  314279ms] [ERROR] Failed to load resource: the server responded with a status of 404 (Not Found) @ http://localhost:3090/api/health:0
[  314280ms] [ERROR] Failed to load resource: the server responded with a status of 404 (Not Found) @ http://localhost:3090/ws:0
[  314280ms] [ERROR] Failed to load resource: the server responded with a status of 404 (Not Found) @ http://localhost:8081/meetings:0
[  314465ms] [ERROR] Failed to load resource: the server responded with a status of 404 (Not Found) @ http://localhost:3090/api/health:0
[  314466ms] [ERROR] Failed to load resource: the server responded with a status of 404 (Not Found) @ http://localhost:3090/ws:0
[  314466ms] [ERROR] Failed to load resource: the server responded with a status of 404 (Not Found) @ http://localhost:8081/meetings:0
[  314490ms] [ERROR] Failed to load resource: the server responded with a status of 404 (Not Found) @ http://localhost:3090/api/health:0
[  314491ms] [ERROR] Failed to load resource: the server responded with a status of 404 (Not Found) @ http://localhost:3090/ws:0
[  314491ms] [ERROR] Failed to load resource: the server responded with a status of 404 (Not Found) @ http://localhost:8081/meetings:0
[  314586ms] [ERROR] Failed to load resource: the server responded with a status of 404 (Not Found) @ http://localhost:3090/api/health:0
[  314586ms] [ERROR] Failed to load resource: the server responded with a status of 404 (Not Found) @ http://localhost:3090/ws:0
[  314595ms] [ERROR] Failed to load resource: the server responded with a status of 404 (Not Found) @ http://localhost:8081/meetings:0
[  314727ms] [ERROR] Failed to load resource: the server responded with a status of 404 (Not Found) @ http://localhost:3090/api/health:0
[  314727ms] [ERROR] Failed to load resource: the server responded with a status of 404 (Not Found) @ http://localhost:3090/ws:0
[  314727ms] [ERROR] Failed to load resource: the server responded with a status of 404 (Not Found) @ http://localhost:8081/meetings:0
[  315014ms] [ERROR] Failed to load resource: the server responded with a status of 404 (Not Found) @ http://localhost:3090/api/health:0
[  315014ms] [ERROR] Failed to load resource: the server responded with a status of 404 (Not Found) @ http://localhost:3090/ws:0
[  315015ms] [ERROR] Failed to load resource: the server responded with a status of 404 (Not Found) @ http://localhost:8081/meetings:0
[  315209ms] [ERROR] Failed to load resource: the server responded with a status of 404 (Not Found) @ http://localhost:3090/api/health:0
[  315209ms] [ERROR] Failed to load resource: the server responded with a status of 404 (Not Found) @ http://localhost:3090/ws:0
[  315209ms] [ERROR] Failed to load resource: the server responded with a status of 404 (Not Found) @ http://localhost:8081/meetings:0
[  315313ms] [ERROR] Failed to load resource: the server responded with a status of 404 (Not Found) @ http://localhost:3090/api/health:0
[  315313ms] [ERROR] Failed to load resource: the server responded with a status of 404 (Not Found) @ http://localhost:3090/ws:0
[  315313ms] [ERROR] Failed to load resource: the server responded with a status of 404 (Not Found) @ http://localhost:8081/meetings:0
[  315491ms] [ERROR] Failed to load resource: the server responded with a status of 404 (Not Found) @ http://localhost:3090/api/health:0
[  315491ms] [ERROR] Failed to load resource: the server responded with a status of 404 (Not Found) @ http://localhost:3090/ws:0
[  315492ms] [ERROR] Failed to load resource: the server responded with a status of 404 (Not Found) @ http://localhost:8081/meetings:0
[  315524ms] [ERROR] Failed to load resource: the server responded with a status of 404 (Not Found) @ http://localhost:3090/api/health:0
[  315524ms] [ERROR] Failed to load resource: the server responded with a status of 404 (Not Found) @ http://localhost:3090/ws:0
[  315524ms] [ERROR] Failed to load resource: the server responded with a status of 404 (Not Found) @ http://localhost:8081/meetings:0
[  315620ms] [ERROR] Failed to load resource: the server responded with a status of 404 (Not Found) @ http://localhost:3090/api/health:0
[  315628ms] [ERROR] Failed to load resource: the server responded with a status of 404 (Not Found) @ http://localhost:3090/ws:0
[  315629ms] [ERROR] Failed to load resource: the server responded with a status of 404 (Not Found) @ http://localhost:8081/meetings:0
[  315769ms] [ERROR] Failed to load resource: the server responded with a status of 404 (Not Found) @ http://localhost:3090/api/health:0
[  315777ms] [ERROR] Failed to load resource: the server responded with a status of 404 (Not Found) @ http://localhost:3090/ws:0
[  315777ms] [ERROR] Failed to load resource: the server responded with a status of 404 (Not Found) @ http://localhost:8081/meetings:0
[  316088ms] [ERROR] Failed to load resource: the server responded with a status of 404 (Not Found) @ http://localhost:3090/api/health:0
[  316088ms] [ERROR] Failed to load resource: the server responded with a status of 404 (Not Found) @ http://localhost:3090/ws:0
[  316088ms] [ERROR] Failed to load resource: the server responded with a status of 404 (Not Found) @ http://localhost:8081/meetings:0
[  316264ms] [ERROR] Failed to load resource: the server responded with a status of 404 (Not Found) @ http://localhost:3090/api/health:0
[  316264ms] [ERROR] Failed to load resource: the server responded with a status of 404 (Not Found) @ http://localhost:3090/ws:0
[  316264ms] [ERROR] Failed to load resource: the server responded with a status of 404 (Not Found) @ http://localhost:8081/meetings:0
[  316365ms] [ERROR] Failed to load resource: the server responded with a status of 404 (Not Found) @ http://localhost:3090/api/health:0
[  316365ms] [ERROR] Failed to load resource: the server responded with a status of 404 (Not Found) @ http://localhost:3090/ws:0
[  316366ms] [ERROR] Failed to load resource: the server responded with a status of 404 (Not Found) @ http://localhost:8081/meetings:0
[  316535ms] [ERROR] Failed to load resource: the server responded with a status of 404 (Not Found) @ http://localhost:3090/api/health:0
[  316535ms] [ERROR] Failed to load resource: the server responded with a status of 404 (Not Found) @ http://localhost:3090/ws:0
[  316536ms] [ERROR] Failed to load resource: the server responded with a status of 404 (Not Found) @ http://localhost:8081/meetings:0
[  316580ms] [ERROR] Failed to load resource: the server responded with a status of 404 (Not Found) @ http://localhost:3090/api/health:0
[  316580ms] [ERROR] Failed to load resource: the server responded with a status of 404 (Not Found) @ http://localhost:3090/ws:0
[  316584ms] [ERROR] Failed to load resource: the server responded with a status of 404 (Not Found) @ http://localhost:8081/meetings:0
[  316662ms] [ERROR] Failed to load resource: the server responded with a status of 404 (Not Found) @ http://localhost:3090/api/health:0
[  316662ms] [ERROR] Failed to load resource: the server responded with a status of 404 (Not Found) @ http://localhost:3090/ws:0
[  316662ms] [ERROR] Failed to load resource: the server responded with a status of 404 (Not Found) @ http://localhost:8081/meetings:0
[  316818ms] [ERROR] Failed to load resource: the server responded with a status of 404 (Not Found) @ http://localhost:3090/api/health:0
[  316819ms] [ERROR] Failed to load resource: the server responded with a status of 404 (Not Found) @ http://localhost:3090/ws:0
[  316819ms] [ERROR] Failed to load resource: the server responded with a status of 404 (Not Found) @ http://localhost:8081/meetings:0
[  317086ms] [ERROR] Failed to load resource: the server responded with a status of 404 (Not Found) @ http://localhost:3090/api/health:0
[  317086ms] [ERROR] Failed to load resource: the server responded with a status of 404 (Not Found) @ http://localhost:3090/ws:0
[  317086ms] [ERROR] Failed to load resource: the server responded with a status of 404 (Not Found) @ http://localhost:8081/meetings:0
[  317274ms] [ERROR] Failed to load resource: the server responded with a status of 404 (Not Found) @ http://localhost:3090/api/health:0
[  317274ms] [ERROR] Failed to load resource: the server responded with a status of 404 (Not Found) @ http://localhost:3090/ws:0
[  317275ms] [ERROR] Failed to load resource: the server responded with a status of 404 (Not Found) @ http://localhost:8081/meetings:0
[  317382ms] [ERROR] Failed to load resource: the server responded with a status of 404 (Not Found) @ http://localhost:3090/api/health:0
[  317382ms] [ERROR] Failed to load resource: the server responded with a status of 404 (Not Found) @ http://localhost:3090/ws:0
[  317383ms] [ERROR] Failed to load resource: the server responded with a status of 404 (Not Found) @ http://localhost:8081/meetings:0
[  317550ms] [ERROR] Failed to load resource: the server responded with a status of 404 (Not Found) @ http://localhost:3090/api/health:0
[  317550ms] [ERROR] Failed to load resource: the server responded with a status of 404 (Not Found) @ http://localhost:3090/ws:0
[  317551ms] [ERROR] Failed to load resource: the server responded with a status of 404 (Not Found) @ http://localhost:8081/meetings:0
[  317586ms] [ERROR] Failed to load resource: the server responded with a status of 404 (Not Found) @ http://localhost:3090/api/health:0
[  317586ms] [ERROR] Failed to load resource: the server responded with a status of 404 (Not Found) @ http://localhost:3090/ws:0
[  317586ms] [ERROR] Failed to load resource: the server responded with a status of 404 (Not Found) @ http://localhost:8081/meetings:0
[  317687ms] [ERROR] Failed to load resource: the server responded with a status of 404 (Not Found) @ http://localhost:3090/api/health:0
[  317687ms] [ERROR] Failed to load resource: the server responded with a status of 404 (Not Found) @ http://localhost:3090/ws:0
[  317687ms] [ERROR] Failed to load resource: the server responded with a status of 404 (Not Found) @ http://localhost:8081/meetings:0
[  317856ms] [ERROR] Failed to load resource: the server responded with a status of 404 (Not Found) @ http://localhost:3090/api/health:0
[  317857ms] [ERROR] Failed to load resource: the server responded with a status of 404 (Not Found) @ http://localhost:3090/ws:0
[  317857ms] [ERROR] Failed to load resource: the server responded with a status of 404 (Not Found) @ http://localhost:8081/meetings:0
[  318137ms] [ERROR] Failed to load resource: the server responded with a status of 404 (Not Found) @ http://localhost:3090/api/health:0
[  318138ms] [ERROR] Failed to load resource: the server responded with a status of 404 (Not Found) @ http://localhost:3090/ws:0
[  318138ms] [ERROR] Failed to load resource: the server responded with a status of 404 (Not Found) @ http://localhost:8081/meetings:0
[  318331ms] [ERROR] Failed to load resource: the server responded with a status of 404 (Not Found) @ http://localhost:3090/api/health:0
[  318331ms] [ERROR] Failed to load resource: the server responded with a status of 404 (Not Found) @ http://localhost:3090/ws:0
[  318331ms] [ERROR] Failed to load resource: the server responded with a status of 404 (Not Found) @ http://localhost:8081/meetings:0
[  318438ms] [ERROR] Failed to load resource: the server responded with a status of 404 (Not Found) @ http://localhost:3090/api/health:0
[  318439ms] [ERROR] Failed to load resource: the server responded with a status of 404 (Not Found) @ http://localhost:3090/ws:0
[  318439ms] [ERROR] Failed to load resource: the server responded with a status of 404 (Not Found) @ http://localhost:8081/meetings:0
[  318610ms] [ERROR] Failed to load resource: the server responded with a status of 404 (Not Found) @ http://localhost:3090/api/health:0
[  318610ms] [ERROR] Failed to load resource: the server responded with a status of 404 (Not Found) @ http://localhost:3090/ws:0
[  318611ms] [ERROR] Failed to load resource: the server responded with a status of 404 (Not Found) @ http://localhost:8081/meetings:0
[  318680ms] [ERROR] Failed to load resource: the server responded with a status of 404 (Not Found) @ http://localhost:3090/api/health:0
[  318680ms] [ERROR] Failed to load resource: the server responded with a status of 404 (Not Found) @ http://localhost:3090/ws:0
[  318681ms] [ERROR] Failed to load resource: the server responded with a status of 404 (Not Found) @ http://localhost:8081/meetings:0
[  318748ms] [ERROR] Failed to load resource: the server responded with a status of 404 (Not Found) @ http://localhost:3090/api/health:0
[  318748ms] [ERROR] Failed to load resource: the server responded with a status of 404 (Not Found) @ http://localhost:3090/ws:0
[  318757ms] [ERROR] Failed to load resource: the server responded with a status of 404 (Not Found) @ http://localhost:8081/meetings:0
[  318916ms] [ERROR] Failed to load resource: the server responded with a status of 404 (Not Found) @ http://localhost:3090/api/health:0
[  318916ms] [ERROR] Failed to load resource: the server responded with a status of 404 (Not Found) @ http://localhost:3090/ws:0
[  318917ms] [ERROR] Failed to load resource: the server responded with a status of 404 (Not Found) @ http://localhost:8081/meetings:0
[  319178ms] [ERROR] Failed to load resource: the server responded with a status of 404 (Not Found) @ http://localhost:3090/api/health:0
[  319178ms] [ERROR] Failed to load resource: the server responded with a status of 404 (Not Found) @ http://localhost:3090/ws:0
[  319178ms] [ERROR] Failed to load resource: the server responded with a status of 404 (Not Found) @ http://localhost:8081/meetings:0
[  319368ms] [ERROR] Failed to load resource: the server responded with a status of 404 (Not Found) @ http://localhost:3090/api/health:0
[  319368ms] [ERROR] Failed to load resource: the server responded with a status of 404 (Not Found) @ http://localhost:3090/ws:0
[  319369ms] [ERROR] Failed to load resource: the server responded with a status of 404 (Not Found) @ http://localhost:8081/meetings:0
[  319564ms] [ERROR] Failed to load resource: the server responded with a status of 404 (Not Found) @ http://localhost:3090/api/health:0
[  319565ms] [ERROR] Failed to load resource: the server responded with a status of 404 (Not Found) @ http://localhost:3090/ws:0
[  319565ms] [ERROR] Failed to load resource: the server responded with a status of 404 (Not Found) @ http://localhost:8081/meetings:0
[  319654ms] [ERROR] Failed to load resource: the server responded with a status of 404 (Not Found) @ http://localhost:3090/api/health:0
[  319654ms] [ERROR] Failed to load resource: the server responded with a status of 404 (Not Found) @ http://localhost:3090/ws:0
[  319654ms] [ERROR] Failed to load resource: the server responded with a status of 404 (Not Found) @ http://localhost:8081/meetings:0
[  319715ms] [ERROR] Failed to load resource: the server responded with a status of 404 (Not Found) @ http://localhost:3090/api/health:0
[  319716ms] [ERROR] Failed to load resource: the server responded with a status of 404 (Not Found) @ http://localhost:3090/ws:0
[  319717ms] [ERROR] Failed to load resource: the server responded with a status of 404 (Not Found) @ http://localhost:8081/meetings:0
[  319880ms] [ERROR] Failed to load resource: the server responded with a status of 404 (Not Found) @ http://localhost:3090/api/health:0
[  319881ms] [ERROR] Failed to load resource: the server responded with a status of 404 (Not Found) @ http://localhost:8081/meetings:0
[  319888ms] [ERROR] Failed to load resource: the server responded with a status of 404 (Not Found) @ http://localhost:3090/ws:0
[  320095ms] [ERROR] Failed to load resource: the server responded with a status of 404 (Not Found) @ http://localhost:3090/api/health:0
[  320095ms] [ERROR] Failed to load resource: the server responded with a status of 404 (Not Found) @ http://localhost:8081/meetings:0
[  320095ms] [ERROR] Failed to load resource: the server responded with a status of 404 (Not Found) @ http://localhost:3090/ws:0
[  320297ms] [ERROR] Failed to load resource: the server responded with a status of 404 (Not Found) @ http://localhost:3090/api/health:0
[  320298ms] [ERROR] Failed to load resource: the server responded with a status of 404 (Not Found) @ http://localhost:3090/ws:0
[  320298ms] [ERROR] Failed to load resource: the server responded with a status of 404 (Not Found) @ http://localhost:8081/meetings:0
[  320483ms] [ERROR] Failed to load resource: the server responded with a status of 404 (Not Found) @ http://localhost:3090/api/health:0
[  320483ms] [ERROR] Failed to load resource: the server responded with a status of 404 (Not Found) @ http://localhost:3090/ws:0
[  320484ms] [ERROR] Failed to load resource: the server responded with a status of 404 (Not Found) @ http://localhost:8081/meetings:0
[  320630ms] [ERROR] Failed to load resource: the server responded with a status of 404 (Not Found) @ http://localhost:3090/api/health:0
[  320630ms] [ERROR] Failed to load resource: the server responded with a status of 404 (Not Found) @ http://localhost:3090/ws:0
[  320630ms] [ERROR] Failed to load resource: the server responded with a status of 404 (Not Found) @ http://localhost:8081/meetings:0
[  320664ms] [ERROR] Failed to load resource: the server responded with a status of 404 (Not Found) @ http://localhost:3090/api/health:0
[  320665ms] [ERROR] Failed to load resource: the server responded with a status of 404 (Not Found) @ http://localhost:3090/ws:0
[  320665ms] [ERROR] Failed to load resource: the server responded with a status of 404 (Not Found) @ http://localhost:8081/meetings:0
[  320793ms] [ERROR] Failed to load resource: the server responded with a status of 404 (Not Found) @ http://localhost:3090/api/health:0
[  320793ms] [ERROR] Failed to load resource: the server responded with a status of 404 (Not Found) @ http://localhost:3090/ws:0
[  320794ms] [ERROR] Failed to load resource: the server responded with a status of 404 (Not Found) @ http://localhost:8081/meetings:0
[  320944ms] [ERROR] Failed to load resource: the server responded with a status of 404 (Not Found) @ http://localhost:3090/api/health:0
[  320951ms] [ERROR] Failed to load resource: the server responded with a status of 404 (Not Found) @ http://localhost:3090/ws:0
[  320952ms] [ERROR] Failed to load resource: the server responded with a status of 404 (Not Found) @ http://localhost:8081/meetings:0
[  321215ms] [ERROR] Failed to load resource: the server responded with a status of 404 (Not Found) @ http://localhost:3090/api/health:0
[  321215ms] [ERROR] Failed to load resource: the server responded with a status of 404 (Not Found) @ http://localhost:3090/ws:0
[  321216ms] [ERROR] Failed to load resource: the server responded with a status of 404 (Not Found) @ http://localhost:8081/meetings:0
[  321383ms] [ERROR] Failed to load resource: the server responded with a status of 404 (Not Found) @ http://localhost:3090/api/health:0
[  321383ms] [ERROR] Failed to load resource: the server responded with a status of 404 (Not Found) @ http://localhost:8081/meetings:0
[  321384ms] [ERROR] Failed to load resource: the server responded with a status of 404 (Not Found) @ http://localhost:3090/ws:0
[  321538ms] [ERROR] Failed to load resource: the server responded with a status of 404 (Not Found) @ http://localhost:3090/api/health:0
[  321538ms] [ERROR] Failed to load resource: the server responded with a status of 404 (Not Found) @ http://localhost:3090/ws:0
[  321539ms] [ERROR] Failed to load resource: the server responded with a status of 404 (Not Found) @ http://localhost:8081/meetings:0
[  321632ms] [ERROR] Failed to load resource: the server responded with a status of 404 (Not Found) @ http://localhost:3090/api/health:0
[  321632ms] [ERROR] Failed to load resource: the server responded with a status of 404 (Not Found) @ http://localhost:3090/ws:0
[  321632ms] [ERROR] Failed to load resource: the server responded with a status of 404 (Not Found) @ http://localhost:8081/meetings:0
[  321664ms] [ERROR] Failed to load resource: the server responded with a status of 404 (Not Found) @ http://localhost:3090/api/health:0
[  321665ms] [ERROR] Failed to load resource: the server responded with a status of 404 (Not Found) @ http://localhost:3090/ws:0
[  321665ms] [ERROR] Failed to load resource: the server responded with a status of 404 (Not Found) @ http://localhost:8081/meetings:0
[  321812ms] [ERROR] Failed to load resource: the server responded with a status of 404 (Not Found) @ http://localhost:3090/api/health:0
[  321812ms] [ERROR] Failed to load resource: the server responded with a status of 404 (Not Found) @ http://localhost:3090/ws:0
[  321813ms] [ERROR] Failed to load resource: the server responded with a status of 404 (Not Found) @ http://localhost:8081/meetings:0
[  321951ms] [ERROR] Failed to load resource: the server responded with a status of 404 (Not Found) @ http://localhost:3090/api/health:0
[  321959ms] [ERROR] Failed to load resource: the server responded with a status of 404 (Not Found) @ http://localhost:3090/ws:0
[  321959ms] [ERROR] Failed to load resource: the server responded with a status of 404 (Not Found) @ http://localhost:8081/meetings:0
[  322203ms] [ERROR] Failed to load resource: the server responded with a status of 404 (Not Found) @ http://localhost:3090/api/health:0
[  322211ms] [ERROR] Failed to load resource: the server responded with a status of 404 (Not Found) @ http://localhost:3090/ws:0
[  322211ms] [ERROR] Failed to load resource: the server responded with a status of 404 (Not Found) @ http://localhost:8081/meetings:0
[  322371ms] [ERROR] Failed to load resource: the server responded with a status of 404 (Not Found) @ http://localhost:3090/api/health:0
[  322371ms] [ERROR] Failed to load resource: the server responded with a status of 404 (Not Found) @ http://localhost:3090/ws:0
[  322372ms] [ERROR] Failed to load resource: the server responded with a status of 404 (Not Found) @ http://localhost:8081/meetings:0
[  322529ms] [ERROR] Failed to load resource: the server responded with a status of 404 (Not Found) @ http://localhost:3090/api/health:0
[  322530ms] [ERROR] Failed to load resource: the server responded with a status of 404 (Not Found) @ http://localhost:8081/meetings:0
[  322530ms] [ERROR] Failed to load resource: the server responded with a status of 404 (Not Found) @ http://localhost:3090/ws:0
[  322595ms] [ERROR] Failed to load resource: the server responded with a status of 404 (Not Found) @ http://localhost:3090/api/health:0
[  322595ms] [ERROR] Failed to load resource: the server responded with a status of 404 (Not Found) @ http://localhost:3090/ws:0
[  322595ms] [ERROR] Failed to load resource: the server responded with a status of 404 (Not Found) @ http://localhost:8081/meetings:0
[  322648ms] [ERROR] Failed to load resource: the server responded with a status of 404 (Not Found) @ http://localhost:3090/api/health:0
[  322648ms] [ERROR] Failed to load resource: the server responded with a status of 404 (Not Found) @ http://localhost:3090/ws:0
[  322648ms] [ERROR] Failed to load resource: the server responded with a status of 404 (Not Found) @ http://localhost:8081/meetings:0
[  322797ms] [ERROR] Failed to load resource: the server responded with a status of 404 (Not Found) @ http://localhost:3090/api/health:0
[  322797ms] [ERROR] Failed to load resource: the server responded with a status of 404 (Not Found) @ http://localhost:3090/ws:0
[  322805ms] [ERROR] Failed to load resource: the server responded with a status of 404 (Not Found) @ http://localhost:8081/meetings:0
[  322944ms] [ERROR] Failed to load resource: the server responded with a status of 404 (Not Found) @ http://localhost:3090/api/health:0
[  322944ms] [ERROR] Failed to load resource: the server responded with a status of 404 (Not Found) @ http://localhost:3090/ws:0
[  322944ms] [ERROR] Failed to load resource: the server responded with a status of 404 (Not Found) @ http://localhost:8081/meetings:0
[  323150ms] [ERROR] Failed to load resource: the server responded with a status of 404 (Not Found) @ http://localhost:3090/api/health:0
[  323150ms] [ERROR] Failed to load resource: the server responded with a status of 404 (Not Found) @ http://localhost:3090/ws:0
[  323151ms] [ERROR] Failed to load resource: the server responded with a status of 404 (Not Found) @ http://localhost:8081/meetings:0
[  323323ms] [ERROR] Failed to load resource: the server responded with a status of 404 (Not Found) @ http://localhost:3090/api/health:0
[  323323ms] [ERROR] Failed to load resource: the server responded with a status of 404 (Not Found) @ http://localhost:3090/ws:0
[  323323ms] [ERROR] Failed to load resource: the server responded with a status of 404 (Not Found) @ http://localhost:8081/meetings:0
[  323484ms] [ERROR] Failed to load resource: the server responded with a status of 404 (Not Found) @ http://localhost:3090/api/health:0
[  323485ms] [ERROR] Failed to load resource: the server responded with a status of 404 (Not Found) @ http://localhost:3090/ws:0
[  323485ms] [ERROR] Failed to load resource: the server responded with a status of 404 (Not Found) @ http://localhost:8081/meetings:0
[  323631ms] [ERROR] Failed to load resource: the server responded with a status of 404 (Not Found) @ http://localhost:3090/api/health:0
[  323631ms] [ERROR] Failed to load resource: the server responded with a status of 404 (Not Found) @ http://localhost:3090/ws:0
[  323632ms] [ERROR] Failed to load resource: the server responded with a status of 404 (Not Found) @ http://localhost:8081/meetings:0
[  323664ms] [ERROR] Failed to load resource: the server responded with a status of 404 (Not Found) @ http://localhost:3090/api/health:0
[  323664ms] [ERROR] Failed to load resource: the server responded with a status of 404 (Not Found) @ http://localhost:3090/ws:0
[  323664ms] [ERROR] Failed to load resource: the server responded with a status of 404 (Not Found) @ http://localhost:8081/meetings:0
[  323976ms] [ERROR] Failed to load resource: the server responded with a status of 404 (Not Found) @ http://localhost:3090/api/health:0
[  323977ms] [ERROR] Failed to load resource: the server responded with a status of 404 (Not Found) @ http://localhost:3090/ws:0
[  323977ms] [ERROR] Failed to load resource: the server responded with a status of 404 (Not Found) @ http://localhost:8081/meetings:0
[  324176ms] [ERROR] Failed to load resource: the server responded with a status of 404 (Not Found) @ http://localhost:3090/api/health:0
[  324176ms] [ERROR] Failed to load resource: the server responded with a status of 404 (Not Found) @ http://localhost:3090/ws:0
[  324185ms] [ERROR] Failed to load resource: the server responded with a status of 404 (Not Found) @ http://localhost:8081/meetings:0
