[     275ms] [INFO] %cDownload the React DevTools for a better development experience: https://react.dev/link/react-devtools font-weight:bold @ http://localhost:5173/node_modules/.vite/deps/react-dom_client.js?v=2373fa66:20102
[     624ms] [WARNING] WebSocket connection to 'ws://localhost:3090/ws' failed: WebSocket is closed before the connection is established. @ http://localhost:5173/src/hooks/useWebSocket.js:97
[     641ms] [ERROR] WebSocket error: Event @ http://localhost:5173/src/hooks/useWebSocket.js:41
[     641ms] [LOG] WebSocket disconnected @ http://localhost:5173/src/hooks/useWebSocket.js:34
[     707ms] [LOG] WebSocket connected @ http://localhost:5173/src/hooks/useWebSocket.js:18
[     805ms] [LOG] Unknown message type: subscribed @ http://localhost:5173/src/hooks/useWebSocket.js:80
[    3647ms] [LOG] WebSocket connected @ http://localhost:5173/src/hooks/useWebSocket.js:18
[    3649ms] [LOG] Unknown message type: subscribed @ http://localhost:5173/src/hooks/useWebSocket.js:80
[  286868ms] [LOG] WebSocket disconnected @ http://localhost:5173/src/hooks/useWebSocket.js:34
[  286962ms] [LOG] WebSocket connected @ http://localhost:5173/src/hooks/useWebSocket.js?t=1775116058377:18
[  287062ms] [LOG] Unknown message type: subscribed @ http://localhost:5173/src/hooks/useWebSocket.js?t=1775116058377:80
[  287193ms] [LOG] WebSocket disconnected @ http://localhost:5173/src/hooks/useWebSocket.js?t=1775116058377:34
[  287277ms] [LOG] WebSocket connected @ http://localhost:5173/src/hooks/useWebSocket.js?t=1775116058377:18
[  287351ms] [LOG] Unknown message type: subscribed @ http://localhost:5173/src/hooks/useWebSocket.js?t=1775116058377:80
[  290200ms] [LOG] WebSocket connected @ http://localhost:5173/src/hooks/useWebSocket.js?t=1775116058377:18
[  290210ms] [LOG] Unknown message type: subscribed @ http://localhost:5173/src/hooks/useWebSocket.js?t=1775116058377:80
[  478408ms] [LOG] WebSocket disconnected @ http://localhost:5173/src/hooks/useWebSocket.js?t=1775116058377:34
[  478507ms] [LOG] WebSocket connected @ http://localhost:5173/src/hooks/useWebSocket.js?t=1775116249895:18
[  478602ms] [LOG] Unknown message type: subscribed @ http://localhost:5173/src/hooks/useWebSocket.js?t=1775116249895:80
[  481415ms] [LOG] WebSocket connected @ http://localhost:5173/src/hooks/useWebSocket.js?t=1775116058377:18
[  481426ms] [LOG] Unknown message type: subscribed @ http://localhost:5173/src/hooks/useWebSocket.js?t=1775116058377:80
