[     239ms] [INFO] %cDownload the React DevTools for a better development experience: https://react.dev/link/react-devtools font-weight:bold @ http://localhost:5173/node_modules/.vite/deps/react-dom_client.js?v=2373fa66:20102
[     501ms] [LOG] Fetching hot money leads... @ http://localhost:5173/src/views/HotMoneyRadar.jsx?t=1775154646830:132
[     506ms] [WARNING] WebSocket connection to 'ws://localhost:3090/ws' failed: WebSocket is closed before the connection is established. @ http://localhost:5173/src/hooks/useWebSocket.js:97
[     508ms] [LOG] Fetching hot money leads... @ http://localhost:5173/src/views/HotMoneyRadar.jsx?t=1775154646830:132
[     521ms] [ERROR] WebSocket error: Event @ http://localhost:5173/src/hooks/useWebSocket.js:41
[     521ms] [LOG] WebSocket disconnected @ http://localhost:5173/src/hooks/useWebSocket.js:34
[     617ms] [LOG] WebSocket connected @ http://localhost:5173/src/hooks/useWebSocket.js:18
[     619ms] [LOG] Received data: [Object, Object, Object, Object, Object, Object, Object, Object, Object, Object, Object, Object, Object, Object, Object, Object, Object, Object, Object, Object] @ http://localhost:5173/src/views/HotMoneyRadar.jsx?t=1775154646830:136
[     620ms] [LOG] Mapped leads: [Object, Object, Object, Object, Object, Object, Object, Object, Object, Object, Object, Object, Object, Object, Object, Object, Object, Object, Object, Object] @ http://localhost:5173/src/views/HotMoneyRadar.jsx?t=1775154646830:139
[     864ms] [LOG] Unknown message type: subscribed @ http://localhost:5173/src/hooks/useWebSocket.js:80
[     864ms] [LOG] Received data: [Object, Object, Object, Object, Object, Object, Object, Object, Object, Object, Object, Object, Object, Object, Object, Object, Object, Object, Object, Object] @ http://localhost:5173/src/views/HotMoneyRadar.jsx?t=1775154646830:136
[     865ms] [LOG] Mapped leads: [Object, Object, Object, Object, Object, Object, Object, Object, Object, Object, Object, Object, Object, Object, Object, Object, Object, Object, Object, Object] @ http://localhost:5173/src/views/HotMoneyRadar.jsx?t=1775154646830:139
[    3527ms] [LOG] WebSocket connected @ http://localhost:5173/src/hooks/useWebSocket.js:18
[    3536ms] [LOG] Unknown message type: subscribed @ http://localhost:5173/src/hooks/useWebSocket.js:80
[  760903ms] [INFO] %cDownload the React DevTools for a better development experience: https://react.dev/link/react-devtools font-weight:bold @ http://localhost:5173/node_modules/.vite/deps/react-dom_client.js?v=2373fa66:20102
[  761485ms] [LOG] Fetching hot money leads... @ http://localhost:5173/src/views/HotMoneyRadar.jsx?t=1775154646830:132
[  761494ms] [WARNING] WebSocket connection to 'ws://localhost:3090/ws' failed: WebSocket is closed before the connection is established. @ http://localhost:5173/src/hooks/useWebSocket.js:97
[  761497ms] [LOG] Fetching hot money leads... @ http://localhost:5173/src/views/HotMoneyRadar.jsx?t=1775154646830:132
[  761559ms] [ERROR] WebSocket error: Event @ http://localhost:5173/src/hooks/useWebSocket.js:41
[  761560ms] [LOG] WebSocket disconnected @ http://localhost:5173/src/hooks/useWebSocket.js:34
[  761672ms] [LOG] WebSocket connected @ http://localhost:5173/src/hooks/useWebSocket.js:18
[  761681ms] [LOG] Received data: [Object, Object, Object, Object, Object, Object, Object, Object, Object, Object, Object, Object, Object, Object, Object, Object, Object, Object, Object, Object] @ http://localhost:5173/src/views/HotMoneyRadar.jsx?t=1775154646830:136
[  761682ms] [LOG] Mapped leads: [Object, Object, Object, Object, Object, Object, Object, Object, Object, Object, Object, Object, Object, Object, Object, Object, Object, Object, Object, Object] @ http://localhost:5173/src/views/HotMoneyRadar.jsx?t=1775154646830:139
[  761683ms] [LOG] Received data: [Object, Object, Object, Object, Object, Object, Object, Object, Object, Object, Object, Object, Object, Object, Object, Object, Object, Object, Object, Object] @ http://localhost:5173/src/views/HotMoneyRadar.jsx?t=1775154646830:136
[  761683ms] [LOG] Mapped leads: [Object, Object, Object, Object, Object, Object, Object, Object, Object, Object, Object, Object, Object, Object, Object, Object, Object, Object, Object, Object] @ http://localhost:5173/src/views/HotMoneyRadar.jsx?t=1775154646830:139
[  762221ms] [LOG] Unknown message type: subscribed @ http://localhost:5173/src/hooks/useWebSocket.js:80
[  764587ms] [LOG] WebSocket connected @ http://localhost:5173/src/hooks/useWebSocket.js:18
[  764589ms] [LOG] Unknown message type: subscribed @ http://localhost:5173/src/hooks/useWebSocket.js:80
[  828079ms] [INFO] %cDownload the React DevTools for a better development experience: https://react.dev/link/react-devtools font-weight:bold @ http://localhost:5173/node_modules/.vite/deps/react-dom_client.js?v=2373fa66:20102
[  828340ms] [LOG] Fetching hot money leads... @ http://localhost:5173/src/views/HotMoneyRadar.jsx?t=1775154646830:132
[  828343ms] [WARNING] WebSocket connection to 'ws://localhost:3090/ws' failed: WebSocket is closed before the connection is established. @ http://localhost:5173/src/hooks/useWebSocket.js:97
[  828346ms] [LOG] Fetching hot money leads... @ http://localhost:5173/src/views/HotMoneyRadar.jsx?t=1775154646830:132
[  828350ms] [ERROR] WebSocket error: Event @ http://localhost:5173/src/hooks/useWebSocket.js:41
[  828351ms] [LOG] WebSocket disconnected @ http://localhost:5173/src/hooks/useWebSocket.js:34
[  828408ms] [LOG] WebSocket connected @ http://localhost:5173/src/hooks/useWebSocket.js:18
[  828410ms] [LOG] Received data: [Object, Object, Object, Object, Object, Object, Object, Object, Object, Object, Object, Object, Object, Object, Object, Object, Object, Object, Object, Object] @ http://localhost:5173/src/views/HotMoneyRadar.jsx?t=1775154646830:136
[  828410ms] [LOG] Mapped leads: [Object, Object, Object, Object, Object, Object, Object, Object, Object, Object, Object, Object, Object, Object, Object, Object, Object, Object, Object, Object] @ http://localhost:5173/src/views/HotMoneyRadar.jsx?t=1775154646830:139
[  828690ms] [LOG] Received data: [Object, Object, Object, Object, Object, Object, Object, Object, Object, Object, Object, Object, Object, Object, Object, Object, Object, Object, Object, Object] @ http://localhost:5173/src/views/HotMoneyRadar.jsx?t=1775154646830:136
[  828691ms] [LOG] Mapped leads: [Object, Object, Object, Object, Object, Object, Object, Object, Object, Object, Object, Object, Object, Object, Object, Object, Object, Object, Object, Object] @ http://localhost:5173/src/views/HotMoneyRadar.jsx?t=1775154646830:139
[  828691ms] [LOG] Unknown message type: subscribed @ http://localhost:5173/src/hooks/useWebSocket.js:80
[  831362ms] [LOG] WebSocket connected @ http://localhost:5173/src/hooks/useWebSocket.js:18
[  831364ms] [LOG] Unknown message type: subscribed @ http://localhost:5173/src/hooks/useWebSocket.js:80
[  839330ms] [INFO] %cDownload the React DevTools for a better development experience: https://react.dev/link/react-devtools font-weight:bold @ http://localhost:5173/node_modules/.vite/deps/react-dom_client.js?v=2373fa66:20102
[  839572ms] [LOG] Fetching hot money leads... @ http://localhost:5173/src/views/HotMoneyRadar.jsx?t=1775154646830:132
[  839574ms] [WARNING] WebSocket connection to 'ws://localhost:3090/ws' failed: WebSocket is closed before the connection is established. @ http://localhost:5173/src/hooks/useWebSocket.js:97
[  839577ms] [LOG] Fetching hot money leads... @ http://localhost:5173/src/views/HotMoneyRadar.jsx?t=1775154646830:132
[  839584ms] [ERROR] WebSocket error: Event @ http://localhost:5173/src/hooks/useWebSocket.js:41
[  839584ms] [LOG] WebSocket disconnected @ http://localhost:5173/src/hooks/useWebSocket.js:34
[  839636ms] [LOG] WebSocket connected @ http://localhost:5173/src/hooks/useWebSocket.js:18
[  839637ms] [LOG] Received data: [Object, Object, Object, Object, Object, Object, Object, Object, Object, Object, Object, Object, Object, Object, Object, Object, Object, Object, Object, Object] @ http://localhost:5173/src/views/HotMoneyRadar.jsx?t=1775154646830:136
[  839637ms] [LOG] Mapped leads: [Object, Object, Object, Object, Object, Object, Object, Object, Object, Object, Object, Object, Object, Object, Object, Object, Object, Object, Object, Object] @ http://localhost:5173/src/views/HotMoneyRadar.jsx?t=1775154646830:139
[  839908ms] [LOG] Received data: [Object, Object, Object, Object, Object, Object, Object, Object, Object, Object, Object, Object, Object, Object, Object, Object, Object, Object, Object, Object] @ http://localhost:5173/src/views/HotMoneyRadar.jsx?t=1775154646830:136
[  839908ms] [LOG] Mapped leads: [Object, Object, Object, Object, Object, Object, Object, Object, Object, Object, Object, Object, Object, Object, Object, Object, Object, Object, Object, Object] @ http://localhost:5173/src/views/HotMoneyRadar.jsx?t=1775154646830:139
[  839909ms] [LOG] Unknown message type: subscribed @ http://localhost:5173/src/hooks/useWebSocket.js:80
[  842598ms] [LOG] WebSocket connected @ http://localhost:5173/src/hooks/useWebSocket.js:18
[  842600ms] [LOG] Unknown message type: subscribed @ http://localhost:5173/src/hooks/useWebSocket.js:80
