[     224ms] [INFO] %cDownload the React DevTools for a better development experience: https://react.dev/link/react-devtools font-weight:bold @ http://localhost:5173/node_modules/.vite/deps/react-dom_client.js?v=2373fa66:20102
[     507ms] [WARNING] WebSocket connection to 'ws://localhost:3090/ws' failed: WebSocket is closed before the connection is established. @ http://localhost:5173/src/hooks/useWebSocket.js?t=1775116249895:97
[     523ms] [ERROR] WebSocket error: Event @ http://localhost:5173/src/hooks/useWebSocket.js?t=1775116249895:41
[     523ms] [LOG] WebSocket disconnected @ http://localhost:5173/src/hooks/useWebSocket.js?t=1775116249895:34
[     525ms] [ERROR] Failed to load resource: net::ERR_CONNECTION_REFUSED @ http://localhost:8081/health:0
[     525ms] [ERROR] Health check failed: TypeError: Failed to fetch
    at checkHealth (http://localhost:5173/src/views/BotBoardroom.jsx?t=1775116360489:303:25)
    at http://localhost:5173/src/views/BotBoardroom.jsx?t=1775116360489:298:5
    at Object.react_stack_bottom_frame (http://localhost:5173/node_modules/.vite/deps/react-dom_client.js?v=2373fa66:18567:20)
    at runWithFiberInDEV (http://localhost:5173/node_modules/.vite/deps/react-dom_client.js?v=2373fa66:997:72)
    at commitHookEffectListMount (http://localhost:5173/node_modules/.vite/deps/react-dom_client.js?v=2373fa66:9411:163)
    at commitHookPassiveMountEffects (http://localhost:5173/node_modules/.vite/deps/react-dom_client.js?v=2373fa66:9465:60)
    at commitPassiveMountOnFiber (http://localhost:5173/node_modules/.vite/deps/react-dom_client.js?v=2373fa66:11040:29)
    at recursivelyTraversePassiveMountEffects (http://localhost:5173/node_modules/.vite/deps/react-dom_client.js?v=2373fa66:11010:13)
    at commitPassiveMountOnFiber (http://localhost:5173/node_modules/.vite/deps/react-dom_client.js?v=2373fa66:11201:13)
    at recursivelyTraversePassiveMountEffects (http://localhost:5173/node_modules/.vite/deps/react-dom_client.js?v=2373fa66:11010:13) @ http://localhost:5173/src/views/BotBoardroom.jsx?t=1775116360489:306
[     526ms] [ERROR] Failed to load resource: net::ERR_CONNECTION_REFUSED @ http://localhost:8081/agents/meetings?limit=10:0
[     526ms] [ERROR] Failed to load meetings: TypeError: Failed to fetch
    at loadMeetings (http://localhost:5173/src/views/BotBoardroom.jsx?t=1775116360489:313:25)
    at http://localhost:5173/src/views/BotBoardroom.jsx?t=1775116360489:299:5
    at Object.react_stack_bottom_frame (http://localhost:5173/node_modules/.vite/deps/react-dom_client.js?v=2373fa66:18567:20)
    at runWithFiberInDEV (http://localhost:5173/node_modules/.vite/deps/react-dom_client.js?v=2373fa66:997:72)
    at commitHookEffectListMount (http://localhost:5173/node_modules/.vite/deps/react-dom_client.js?v=2373fa66:9411:163)
    at commitHookPassiveMountEffects (http://localhost:5173/node_modules/.vite/deps/react-dom_client.js?v=2373fa66:9465:60)
    at commitPassiveMountOnFiber (http://localhost:5173/node_modules/.vite/deps/react-dom_client.js?v=2373fa66:11040:29)
    at recursivelyTraversePassiveMountEffects (http://localhost:5173/node_modules/.vite/deps/react-dom_client.js?v=2373fa66:11010:13)
    at commitPassiveMountOnFiber (http://localhost:5173/node_modules/.vite/deps/react-dom_client.js?v=2373fa66:11201:13)
    at recursivelyTraversePassiveMountEffects (http://localhost:5173/node_modules/.vite/deps/react-dom_client.js?v=2373fa66:11010:13) @ http://localhost:5173/src/views/BotBoardroom.jsx?t=1775116360489:316
[     527ms] [ERROR] Failed to load resource: net::ERR_CONNECTION_REFUSED @ http://localhost:8081/health:0
[     527ms] [ERROR] Health check failed: TypeError: Failed to fetch
    at checkHealth (http://localhost:5173/src/views/BotBoardroom.jsx?t=1775116360489:303:25)
    at http://localhost:5173/src/views/BotBoardroom.jsx?t=1775116360489:298:5
    at Object.react_stack_bottom_frame (http://localhost:5173/node_modules/.vite/deps/react-dom_client.js?v=2373fa66:18567:20)
    at runWithFiberInDEV (http://localhost:5173/node_modules/.vite/deps/react-dom_client.js?v=2373fa66:997:72)
    at commitHookEffectListMount (http://localhost:5173/node_modules/.vite/deps/react-dom_client.js?v=2373fa66:9411:163)
    at commitHookPassiveMountEffects (http://localhost:5173/node_modules/.vite/deps/react-dom_client.js?v=2373fa66:9465:60)
    at reconnectPassiveEffects (http://localhost:5173/node_modules/.vite/deps/react-dom_client.js?v=2373fa66:11273:13)
    at recursivelyTraverseReconnectPassiveEffects (http://localhost:5173/node_modules/.vite/deps/react-dom_client.js?v=2373fa66:11240:11)
    at reconnectPassiveEffects (http://localhost:5173/node_modules/.vite/deps/react-dom_client.js?v=2373fa66:11317:13)
    at recursivelyTraverseReconnectPassiveEffects (http://localhost:5173/node_modules/.vite/deps/react-dom_client.js?v=2373fa66:11240:11) @ http://localhost:5173/src/views/BotBoardroom.jsx?t=1775116360489:306
[     527ms] [ERROR] Failed to load resource: net::ERR_CONNECTION_REFUSED @ http://localhost:8081/agents/meetings?limit=10:0
[     528ms] [ERROR] Failed to load meetings: TypeError: Failed to fetch
    at loadMeetings (http://localhost:5173/src/views/BotBoardroom.jsx?t=1775116360489:313:25)
    at http://localhost:5173/src/views/BotBoardroom.jsx?t=1775116360489:299:5
    at Object.react_stack_bottom_frame (http://localhost:5173/node_modules/.vite/deps/react-dom_client.js?v=2373fa66:18567:20)
    at runWithFiberInDEV (http://localhost:5173/node_modules/.vite/deps/react-dom_client.js?v=2373fa66:997:72)
    at commitHookEffectListMount (http://localhost:5173/node_modules/.vite/deps/react-dom_client.js?v=2373fa66:9411:163)
    at commitHookPassiveMountEffects (http://localhost:5173/node_modules/.vite/deps/react-dom_client.js?v=2373fa66:9465:60)
    at reconnectPassiveEffects (http://localhost:5173/node_modules/.vite/deps/react-dom_client.js?v=2373fa66:11273:13)
    at recursivelyTraverseReconnectPassiveEffects (http://localhost:5173/node_modules/.vite/deps/react-dom_client.js?v=2373fa66:11240:11)
    at reconnectPassiveEffects (http://localhost:5173/node_modules/.vite/deps/react-dom_client.js?v=2373fa66:11317:13)
    at recursivelyTraverseReconnectPassiveEffects (http://localhost:5173/node_modules/.vite/deps/react-dom_client.js?v=2373fa66:11240:11) @ http://localhost:5173/src/views/BotBoardroom.jsx?t=1775116360489:316
[     670ms] [LOG] WebSocket connected @ http://localhost:5173/src/hooks/useWebSocket.js?t=1775116249895:18
[     815ms] [LOG] Unknown message type: subscribed @ http://localhost:5173/src/hooks/useWebSocket.js?t=1775116249895:80
[    3529ms] [LOG] WebSocket connected @ http://localhost:5173/src/hooks/useWebSocket.js?t=1775116249895:18
[    3531ms] [LOG] Unknown message type: subscribed @ http://localhost:5173/src/hooks/useWebSocket.js?t=1775116249895:80
