[     291ms] [INFO] %cDownload the React DevTools for a better development experience: https://react.dev/link/react-devtools font-weight:bold @ http://localhost:5173/node_modules/.vite/deps/react-dom_client.js?v=2373fa66:20102
[     658ms] [WARNING] WebSocket connection to 'ws://localhost:3090/ws' failed: WebSocket is closed before the connection is established. @ http://localhost:5173/src/hooks/useWebSocket.js:97
[     672ms] [ERROR] WebSocket error: Event @ http://localhost:5173/src/hooks/useWebSocket.js:41
[     673ms] [LOG] WebSocket disconnected @ http://localhost:5173/src/hooks/useWebSocket.js:34
[     730ms] [LOG] WebSocket connected @ http://localhost:5173/src/hooks/useWebSocket.js:18
[     816ms] [LOG] Unknown message type: subscribed @ http://localhost:5173/src/hooks/useWebSocket.js:80
[    3679ms] [LOG] WebSocket connected @ http://localhost:5173/src/hooks/useWebSocket.js:18
[    3681ms] [LOG] Unknown message type: subscribed @ http://localhost:5173/src/hooks/useWebSocket.js:80
[ 1461569ms] [LOG] WebSocket disconnected @ http://localhost:5173/src/hooks/useWebSocket.js:34
[ 1461696ms] [LOG] WebSocket connected @ http://localhost:5173/src/hooks/useWebSocket.js:18
[ 1461810ms] [LOG] Unknown message type: subscribed @ http://localhost:5173/src/hooks/useWebSocket.js:80
[ 1464574ms] [LOG] WebSocket connected @ http://localhost:5173/src/hooks/useWebSocket.js:18
[ 1464581ms] [LOG] Unknown message type: subscribed @ http://localhost:5173/src/hooks/useWebSocket.js:80
[ 1537380ms] [ERROR] WebSocket connection to 'ws://localhost:3090/ws' failed:  @ http://localhost:5173/src/hooks/useWebSocket.js:15
[ 1537380ms] [ERROR] WebSocket connection to 'ws://localhost:3090/ws' failed:  @ http://localhost:5173/src/hooks/useWebSocket.js:15
[ 1537380ms] [ERROR] WebSocket connection to 'ws://localhost:5173/?token=u7WoX3oRJ4bY' failed:  @ http://localhost:5173/@vite/client:801
[ 1537380ms] [ERROR] WebSocket connection to 'ws://localhost:3090/ws' failed:  @ http://localhost:5173/src/hooks/useWebSocket.js:15
[ 1537380ms] [ERROR] WebSocket error: Event @ http://localhost:5173/src/hooks/useWebSocket.js:41
[ 1537381ms] [LOG] WebSocket disconnected @ http://localhost:5173/src/hooks/useWebSocket.js:34
[ 1538024ms] [ERROR] WebSocket error: Event @ http://localhost:5173/src/hooks/useWebSocket.js:41
[ 1538024ms] [LOG] WebSocket disconnected @ http://localhost:5173/src/hooks/useWebSocket.js:34
[ 1538025ms] [LOG] [vite] server connection lost. Polling for restart... @ http://localhost:5173/@vite/client:963
[ 1538026ms] [ERROR] WebSocket error: Event @ http://localhost:5173/src/hooks/useWebSocket.js:41
[ 1538026ms] [LOG] WebSocket disconnected @ http://localhost:5173/src/hooks/useWebSocket.js:34
[ 1542673ms] [INFO] %cDownload the React DevTools for a better development experience: https://react.dev/link/react-devtools font-weight:bold @ http://localhost:5173/node_modules/.vite/deps/react-dom_client.js?v=2373fa66:20102
[ 1542931ms] [WARNING] WebSocket connection to 'ws://localhost:3090/ws' failed: WebSocket is closed before the connection is established. @ http://localhost:5173/src/hooks/useWebSocket.js:97
[ 1542940ms] [ERROR] WebSocket error: Event @ http://localhost:5173/src/hooks/useWebSocket.js:41
[ 1542941ms] [LOG] WebSocket disconnected @ http://localhost:5173/src/hooks/useWebSocket.js:34
[ 1542950ms] [LOG] WebSocket connected @ http://localhost:5173/src/hooks/useWebSocket.js:18
[ 1543036ms] [LOG] Unknown message type: subscribed @ http://localhost:5173/src/hooks/useWebSocket.js:80
[ 1545947ms] [LOG] WebSocket connected @ http://localhost:5173/src/hooks/useWebSocket.js:18
[ 1545949ms] [LOG] Unknown message type: subscribed @ http://localhost:5173/src/hooks/useWebSocket.js:80
